Archive member included to satisfy reference by file (symbol)

/data/tinyai/maxCNN/sdk/Libraries/PeriphDrivers/bin/MAX78000/spi-v1_softfp/libPeriphDriver_spi-v1_softfp.a(mxc_delay.o)
                              /data/tinyai/maxCNN/test2_unet/demo/ai85-unet/build/main.o (MXC_Delay)
/data/tinyai/maxCNN/sdk/Libraries/PeriphDrivers/bin/MAX78000/spi-v1_softfp/libPeriphDriver_spi-v1_softfp.a(nvic_table.o)
                              /data/tinyai/maxCNN/test2_unet/demo/ai85-unet/build/cnn.o (MXC_NVIC_SetVector)
/data/tinyai/maxCNN/sdk/Libraries/PeriphDrivers/bin/MAX78000/spi-v1_softfp/libPeriphDriver_spi-v1_softfp.a(pins_ai85.o)
                              /data/tinyai/maxCNN/test2_unet/demo/ai85-unet/build/camera.o (gpio_cfg_pcif_xclk)
/data/tinyai/maxCNN/sdk/Libraries/PeriphDrivers/bin/MAX78000/spi-v1_softfp/libPeriphDriver_spi-v1_softfp.a(sys_ai85.o)
                              /data/tinyai/maxCNN/test2_unet/demo/ai85-unet/build/cnn.o (MXC_SYS_ClockDisable)
/data/tinyai/maxCNN/sdk/Libraries/PeriphDrivers/bin/MAX78000/spi-v1_softfp/libPeriphDriver_spi-v1_softfp.a(aes_me17.o)
                              /data/tinyai/maxCNN/sdk/Libraries/PeriphDrivers/bin/MAX78000/spi-v1_softfp/libPeriphDriver_spi-v1_softfp.a(sys_ai85.o) (MXC_AES_Init)
/data/tinyai/maxCNN/sdk/Libraries/PeriphDrivers/bin/MAX78000/spi-v1_softfp/libPeriphDriver_spi-v1_softfp.a(aes_revb.o)
                              /data/tinyai/maxCNN/sdk/Libraries/PeriphDrivers/bin/MAX78000/spi-v1_softfp/libPeriphDriver_spi-v1_softfp.a(aes_me17.o) (MXC_AES_RevB_Init)
/data/tinyai/maxCNN/sdk/Libraries/PeriphDrivers/bin/MAX78000/spi-v1_softfp/libPeriphDriver_spi-v1_softfp.a(cameraif_ai85.o)
                              /data/tinyai/maxCNN/test2_unet/demo/ai85-unet/build/camera.o (MXC_PCIF_Init)
/data/tinyai/maxCNN/sdk/Libraries/PeriphDrivers/bin/MAX78000/spi-v1_softfp/libPeriphDriver_spi-v1_softfp.a(cameraif_reva.o)
                              /data/tinyai/maxCNN/sdk/Libraries/PeriphDrivers/bin/MAX78000/spi-v1_softfp/libPeriphDriver_spi-v1_softfp.a(cameraif_ai85.o) (MXC_PCIF_RevA_SetDatawidth)
/data/tinyai/maxCNN/sdk/Libraries/PeriphDrivers/bin/MAX78000/spi-v1_softfp/libPeriphDriver_spi-v1_softfp.a(dma_me17.o)
                              /data/tinyai/maxCNN/test2_unet/demo/ai85-unet/build/main.o (MXC_DMA_Init)
/data/tinyai/maxCNN/sdk/Libraries/PeriphDrivers/bin/MAX78000/spi-v1_softfp/libPeriphDriver_spi-v1_softfp.a(dma_reva.o)
                              /data/tinyai/maxCNN/sdk/Libraries/PeriphDrivers/bin/MAX78000/spi-v1_softfp/libPeriphDriver_spi-v1_softfp.a(dma_me17.o) (MXC_DMA_RevA_Init)
/data/tinyai/maxCNN/sdk/Libraries/PeriphDrivers/bin/MAX78000/spi-v1_softfp/libPeriphDriver_spi-v1_softfp.a(flc_me17.o)
                              /data/tinyai/maxCNN/sdk/Libraries/PeriphDrivers/bin/MAX78000/spi-v1_softfp/libPeriphDriver_spi-v1_softfp.a(sys_ai85.o) (MXC_FLC_UnlockInfoBlock)
/data/tinyai/maxCNN/sdk/Libraries/PeriphDrivers/bin/MAX78000/spi-v1_softfp/libPeriphDriver_spi-v1_softfp.a(flc_reva.o)
                              /data/tinyai/maxCNN/sdk/Libraries/PeriphDrivers/bin/MAX78000/spi-v1_softfp/libPeriphDriver_spi-v1_softfp.a(flc_me17.o) (MXC_FLC_RevA_Busy)
/data/tinyai/maxCNN/sdk/Libraries/PeriphDrivers/bin/MAX78000/spi-v1_softfp/libPeriphDriver_spi-v1_softfp.a(gpio_ai85.o)
                              /data/tinyai/maxCNN/test2_unet/demo/ai85-unet/build/cnn.o (MXC_GPIO_Config)
/data/tinyai/maxCNN/sdk/Libraries/PeriphDrivers/bin/MAX78000/spi-v1_softfp/libPeriphDriver_spi-v1_softfp.a(gpio_reva.o)
                              /data/tinyai/maxCNN/sdk/Libraries/PeriphDrivers/bin/MAX78000/spi-v1_softfp/libPeriphDriver_spi-v1_softfp.a(gpio_ai85.o) (MXC_GPIO_RevA_InGet)
/data/tinyai/maxCNN/sdk/Libraries/PeriphDrivers/bin/MAX78000/spi-v1_softfp/libPeriphDriver_spi-v1_softfp.a(icc_me17.o)
                              /data/tinyai/maxCNN/test2_unet/demo/ai85-unet/build/main.o (MXC_ICC_Enable)
/data/tinyai/maxCNN/sdk/Libraries/PeriphDrivers/bin/MAX78000/spi-v1_softfp/libPeriphDriver_spi-v1_softfp.a(icc_reva.o)
                              /data/tinyai/maxCNN/sdk/Libraries/PeriphDrivers/bin/MAX78000/spi-v1_softfp/libPeriphDriver_spi-v1_softfp.a(icc_me17.o) (MXC_ICC_RevA_ID)
/data/tinyai/maxCNN/sdk/Libraries/PeriphDrivers/bin/MAX78000/spi-v1_softfp/libPeriphDriver_spi-v1_softfp.a(pt_ai85.o)
                              /data/tinyai/maxCNN/test2_unet/demo/ai85-unet/build/camera.o (MXC_PT_Init)
/data/tinyai/maxCNN/sdk/Libraries/PeriphDrivers/bin/MAX78000/spi-v1_softfp/libPeriphDriver_spi-v1_softfp.a(pt_reva.o)
                              /data/tinyai/maxCNN/sdk/Libraries/PeriphDrivers/bin/MAX78000/spi-v1_softfp/libPeriphDriver_spi-v1_softfp.a(pt_ai85.o) (MXC_PT_RevA_Init)
/data/tinyai/maxCNN/sdk/Libraries/PeriphDrivers/bin/MAX78000/spi-v1_softfp/libPeriphDriver_spi-v1_softfp.a(spi_me17.o)
                              /data/tinyai/maxCNN/test2_unet/demo/ai85-unet/build/board.o (MXC_SPI_Init)
[...]
Memory Configuration

Name             Origin             Length             Attributes
ROM              0x0000000000000000 0x0000000000010000 xr
FLASH            0x0000000010000000 0x0000000000080000 xr
SRAM             0x0000000020000000 0x0000000000020000 xrw
*default*        0x0000000000000000 0xffffffffffffffff

Linker script and memory map

LOAD /data/tinyai/maxCNN/sdk/Tools/SDK_install_root/Tools/GNUTools/10.3/bin/../lib/gcc/arm-none-eabi/10.3.1/thumb/v7e-m+fp/softfp/crti.o
LOAD /data/tinyai/maxCNN/sdk/Tools/SDK_install_root/Tools/GNUTools/10.3/bin/../lib/gcc/arm-none-eabi/10.3.1/thumb/v7e-m+fp/softfp/crtbegin.o
LOAD /data/tinyai/maxCNN/sdk/Tools/SDK_install_root/Tools/GNUTools/10.3/bin/../lib/gcc/arm-none-eabi/10.3.1/../../../../arm-none-eabi/lib/thumb/v7e-m+fp/softfp/crt0.o
LOAD /data/tinyai/maxCNN/test2_unet/demo/ai85-unet/build/cnn.o
LOAD /data/tinyai/maxCNN/test2_unet/demo/ai85-unet/build/softmax.o
LOAD /data/tinyai/maxCNN/test2_unet/demo/ai85-unet/build/main.o
LOAD /data/tinyai/maxCNN/test2_unet/demo/ai85-unet/build/board.o
LOAD /data/tinyai/maxCNN/test2_unet/demo/ai85-unet/build/stdio.o
LOAD /data/tinyai/maxCNN/test2_unet/demo/ai85-unet/build/led.o
LOAD /data/tinyai/maxCNN/test2_unet/demo/ai85-unet/build/pb.o
LOAD /data/tinyai/maxCNN/test2_unet/demo/ai85-unet/build/tft_ssd2119.o
LOAD /data/tinyai/maxCNN/test2_unet/demo/ai85-unet/build/tsc2046.o
LOAD /data/tinyai/maxCNN/test2_unet/demo/ai85-unet/build/camera.o
LOAD /data/tinyai/maxCNN/test2_unet/demo/ai85-unet/build/hm01b0.o
LOAD /data/tinyai/maxCNN/test2_unet/demo/ai85-unet/build/sccb.o
LOAD /data/tinyai/maxCNN/test2_unet/demo/ai85-unet/build/startup_max78000.o
LOAD /data/tinyai/maxCNN/test2_unet/demo/ai85-unet/build/heap.o
LOAD /data/tinyai/maxCNN/test2_unet/demo/ai85-unet/build/system_max78000.o
START GROUP
LOAD /data/tinyai/maxCNN/sdk/Libraries/PeriphDrivers/bin/MAX78000/spi-v1_softfp/libPeriphDriver_spi-v1_softfp.a
LOAD /data/tinyai/maxCNN/sdk/Tools/SDK_install_root/Tools/GNUTools/10.3/bin/../lib/gcc/arm-none-eabi/10.3.1/../../../../arm-none-eabi/lib/thumb/v7e-m+fp/softfp/libc.a
LOAD /data/tinyai/maxCNN/sdk/Tools/SDK_install_root/Tools/GNUTools/10.3/bin/../lib/gcc/arm-none-eabi/10.3.1/../../../../arm-none-eabi/lib/thumb/v7e-m+fp/softfp/libm.a
LOAD /data/tinyai/maxCNN/sdk/Tools/SDK_install_root/Tools/GNUTools/10.3/bin/../lib/gcc/arm-none-eabi/10.3.1/../../../../arm-none-eabi/lib/thumb/v7e-m+fp/softfp/libnosys.a
END GROUP
START GROUP
LOAD /data/tinyai/maxCNN/sdk/Tools/SDK_install_root/Tools/GNUTools/10.3/bin/../lib/gcc/arm-none-eabi/10.3.1/thumb/v7e-m+fp/softfp/libgcc.a
LOAD /data/tinyai/maxCNN/sdk/Tools/SDK_install_root/Tools/GNUTools/10.3/bin/../lib/gcc/arm-none-eabi/10.3.1/../../../../arm-none-eabi/lib/thumb/v7e-m+fp/softfp/libc.a
END GROUP
LOAD /data/tinyai/maxCNN/sdk/Tools/SDK_install_root/Tools/GNUTools/10.3/bin/../lib/gcc/arm-none-eabi/10.3.1/thumb/v7e-m+fp/softfp/crtend.o
LOAD /data/tinyai/maxCNN/sdk/Tools/SDK_install_root/Tools/GNUTools/10.3/bin/../lib/gcc/arm-none-eabi/10.3.1/thumb/v7e-m+fp/softfp/crtn.o

.rom
 *(.rom_vector)
 *(.rom_handlers*)

.text           0x0000000010000000    0x54038
                0x0000000010000000                _text = .
 *(.isr_vector)
 .isr_vector    0x0000000010000000      0x1e0 /data/tinyai/maxCNN/test2_unet/demo/ai85-unet/build/startup_max78000.o
                0x0000000010000000                __isr_vector
 EXCLUDE_FILE(*riscv.o) *(.text*)
 .text          0x00000000100001e0       0x40 /data/tinyai/maxCNN/sdk/Tools/SDK_install_root/Tools/GNUTools/10.3/bin/../lib/gcc/arm-none-eabi/10.3.1/thumb/v7e-m+fp/softfp/crtbegin.o
 .text.CNN_ISR  0x0000000010000220       0x48 /data/tinyai/maxCNN/test2_unet/demo/ai85-unet/build/cnn.o
                0x0000000010000220                CNN_ISR
 .text.cnn_stop
                0x0000000010000268       0x14 /data/tinyai/maxCNN/test2_unet/demo/ai85-unet/build/cnn.o
                0x0000000010000268                cnn_stop
 .text.memcpy32
                0x000000001000027c       0x1c /data/tinyai/maxCNN/test2_unet/demo/ai85-unet/build/cnn.o
                0x000000001000027c                memcpy32
 .text.cnn_load_weights
                0x0000000010000298       0x4c /data/tinyai/maxCNN/test2_unet/demo/ai85-unet/build/cnn.o
                0x0000000010000298                cnn_load_weights
 .text.cnn_load_bias
                0x00000000100002e4       0x8c /data/tinyai/maxCNN/test2_unet/demo/ai85-unet/build/cnn.o
                0x00000000100002e4                cnn_load_bias
 .text.cnn_init
                0x0000000010000370       0x54 /data/tinyai/maxCNN/test2_unet/demo/ai85-unet/build/cnn.o
                0x0000000010000370                cnn_init
 .text.cnn_configure
                0x00000000100003c4     0x13a4 /data/tinyai/maxCNN/test2_unet/demo/ai85-unet/build/cnn.o
                0x00000000100003c4                cnn_configure
 .text.cnn_start
                0x0000000010001768       0x4c /data/tinyai/maxCNN/test2_unet/demo/ai85-unet/build/cnn.o
                0x0000000010001768                cnn_start
 .text.cnn_enable
                0x00000000100017b4       0x3c /data/tinyai/maxCNN/test2_unet/demo/ai85-unet/build/cnn.o
                0x00000000100017b4                cnn_enable
 .text.cnn_disable
                0x00000000100017f0       0x28 /data/tinyai/maxCNN/test2_unet/demo/ai85-unet/build/cnn.o
                0x00000000100017f0                cnn_disable
 .text.load_input
                0x0000000010001818       0xb4 /data/tinyai/maxCNN/test2_unet/demo/ai85-unet/build/main.o
                0x0000000010001818                load_input
 .text.startup.main
                0x00000000100018cc      0x194 /data/tinyai/maxCNN/test2_unet/demo/ai85-unet/build/main.o
                0x00000000100018cc                main
 .text.mxc_assert
                0x0000000010001a60       0x10 /data/tinyai/maxCNN/test2_unet/demo/ai85-unet/build/board.o
                0x0000000010001a60                mxc_assert
 .text.GPIO2_IRQHandler
                0x0000000010001a70        0x8 /data/tinyai/maxCNN/test2_unet/demo/ai85-unet/build/board.o
                0x0000000010001a70                GPIO2_IRQHandler
 .text.GPIO0_IRQHandler
                0x0000000010001a78        0x8 /data/tinyai/maxCNN/test2_unet/demo/ai85-unet/build/board.o
                0x0000000010001a78                GPIO0_IRQHandler
 .text.Board_Init
                0x0000000010001a80       0xec /data/tinyai/maxCNN/test2_unet/demo/ai85-unet/build/board.o
                0x0000000010001a80                Board_Init
 .text.NMI_Handler
                0x0000000010001b6c        0x4 /data/tinyai/maxCNN/test2_unet/demo/ai85-unet/build/board.o
                0x0000000010001b6c                NMI_Handler
 .text.Camera_Power
                0x0000000010001b70        0x8 /data/tinyai/maxCNN/test2_unet/demo/ai85-unet/build/board.o
                0x0000000010001b70                Camera_Power
 .text._close   0x0000000010001b78        0x8 /data/tinyai/maxCNN/test2_unet/demo/ai85-unet/build/stdio.o
                0x0000000010001b78                _close
 .text._isatty  0x0000000010001b80        0x8 /data/tinyai/maxCNN/test2_unet/demo/ai85-unet/build/stdio.o
                0x0000000010001b80                _isatty
 .text._lseek   0x0000000010001b88        0x8 /data/tinyai/maxCNN/test2_unet/demo/ai85-unet/build/stdio.o
                0x0000000010001b88                _lseek
 .text._fstat   0x0000000010001b90        0x8 /data/tinyai/maxCNN/test2_unet/demo/ai85-unet/build/stdio.o
                0x0000000010001b90                _fstat
 .text._read    0x0000000010001b98       0x50 /data/tinyai/maxCNN/test2_unet/demo/ai85-unet/build/stdio.o
                0x0000000010001b98                _read
 .text._write   0x0000000010001be8       0x54 /data/tinyai/maxCNN/test2_unet/demo/ai85-unet/build/stdio.o
                0x0000000010001be8                _write
 .text.LED_Init
                0x0000000010001c3c       0x40 /data/tinyai/maxCNN/test2_unet/demo/ai85-unet/build/led.o
                0x0000000010001c3c                LED_Init
 .text.LED_On   0x0000000010001c7c       0x40 /data/tinyai/maxCNN/test2_unet/demo/ai85-unet/build/led.o
                0x0000000010001c7c                LED_On
 .text.LED_Off  0x0000000010001cbc       0x40 /data/tinyai/maxCNN/test2_unet/demo/ai85-unet/build/led.o
                0x0000000010001cbc                LED_Off
 .text.PB_Init  0x0000000010001cfc       0x38 /data/tinyai/maxCNN/test2_unet/demo/ai85-unet/build/pb.o
                0x0000000010001cfc                PB_Init
 .text.MXC_TFT_PreInit
                0x0000000010001d34       0x78 /data/tinyai/maxCNN/test2_unet/demo/ai85-unet/build/tft_ssd2119.o
                0x0000000010001d34                MXC_TFT_PreInit
 .text.MXC_TS_PreInit
                0x0000000010001dac       0x44 /data/tinyai/maxCNN/test2_unet/demo/ai85-unet/build/tsc2046.o
                0x0000000010001dac                MXC_TS_PreInit
 .text.camera_irq_handler
                0x0000000010001df0      0x13c /data/tinyai/maxCNN/test2_unet/demo/ai85-unet/build/camera.o
                0x0000000010001df0                camera_irq_handler
 .text.stream_callback
                0x0000000010001f2c       0xbc /data/tinyai/maxCNN/test2_unet/demo/ai85-unet/build/camera.o
 .text.setup_dma
                0x0000000010001fe8       0x94 /data/tinyai/maxCNN/test2_unet/demo/ai85-unet/build/camera.o
 .text.stream_irq_handler
                0x000000001000207c        0x4 /data/tinyai/maxCNN/test2_unet/demo/ai85-unet/build/camera.o
                0x000000001000207c                stream_irq_handler
 .text.camera_init
                0x0000000010002080      0x138 /data/tinyai/maxCNN/test2_unet/demo/ai85-unet/build/camera.o
                0x0000000010002080                camera_init
 .text.camera_setup
                0x00000000100021b8      0x1dc /data/tinyai/maxCNN/test2_unet/demo/ai85-unet/build/camera.o
                0x00000000100021b8                camera_setup
 .text.camera_get_slave_address
                0x0000000010002394        0xc /data/tinyai/maxCNN/test2_unet/demo/ai85-unet/build/camera.o
                0x0000000010002394                camera_get_slave_address
 .text.camera_get_product_id
                0x00000000100023a0        0xc /data/tinyai/maxCNN/test2_unet/demo/ai85-unet/build/camera.o
                0x00000000100023a0                camera_get_product_id
 .text.camera_get_manufacture_id
                0x00000000100023ac        0xc /data/tinyai/maxCNN/test2_unet/demo/ai85-unet/build/camera.o
                0x00000000100023ac                camera_get_manufacture_id
 .text.camera_start_capture_image
                0x00000000100023b8       0x3c /data/tinyai/maxCNN/test2_unet/demo/ai85-unet/build/camera.o
                0x00000000100023b8                camera_start_capture_image
 .text.camera_is_image_rcv
                0x00000000100023f4       0x10 /data/tinyai/maxCNN/test2_unet/demo/ai85-unet/build/camera.o
                0x00000000100023f4                camera_is_image_rcv
 .text.camera_get_image
                0x0000000010002404       0x3c /data/tinyai/maxCNN/test2_unet/demo/ai85-unet/build/camera.o
                0x0000000010002404                camera_get_image
 .text.get_slave_address
                0x0000000010002440        0xc /data/tinyai/maxCNN/test2_unet/demo/ai85-unet/build/hm01b0.o
 .text.set_pixformat
                0x000000001000244c        0xc /data/tinyai/maxCNN/test2_unet/demo/ai85-unet/build/hm01b0.o
 .text.get_pixformat
                0x0000000010002458       0x10 /data/tinyai/maxCNN/test2_unet/demo/ai85-unet/build/hm01b0.o
 .text.set_framesize
                0x0000000010002468        0x4 /data/tinyai/maxCNN/test2_unet/demo/ai85-unet/build/hm01b0.o
 .text.set_windowing
                0x000000001000246c       0x18 /data/tinyai/maxCNN/test2_unet/demo/ai85-unet/build/hm01b0.o
 .text.set_contrast
                0x0000000010002484        0x4 /data/tinyai/maxCNN/test2_unet/demo/ai85-unet/build/hm01b0.o
 .text.set_gainceiling
                0x0000000010002488        0x4 /data/tinyai/maxCNN/test2_unet/demo/ai85-unet/build/hm01b0.o
 .text.get_luminance
                0x000000001000248c        0xc /data/tinyai/maxCNN/test2_unet/demo/ai85-unet/build/hm01b0.o
 .text.read_reg
                0x0000000010002498       0x20 /data/tinyai/maxCNN/test2_unet/demo/ai85-unet/build/hm01b0.o
 .text.get_manufacture_id
                0x00000000100024b8       0x3c /data/tinyai/maxCNN/test2_unet/demo/ai85-unet/build/hm01b0.o
 .text.get_product_id
                0x00000000100024f4       0x24 /data/tinyai/maxCNN/test2_unet/demo/ai85-unet/build/hm01b0.o
 .text.set_vflip
                0x0000000010002518       0x40 /data/tinyai/maxCNN/test2_unet/demo/ai85-unet/build/hm01b0.o
 .text.set_hmirror
                0x0000000010002558       0x40 /data/tinyai/maxCNN/test2_unet/demo/ai85-unet/build/hm01b0.o
 .text.write_reg
                0x0000000010002598       0x18 /data/tinyai/maxCNN/test2_unet/demo/ai85-unet/build/hm01b0.o
 .text.sleep    0x00000000100025b0       0x34 /data/tinyai/maxCNN/test2_unet/demo/ai85-unet/build/hm01b0.o
 .text.reset    0x00000000100025e4       0x58 /data/tinyai/maxCNN/test2_unet/demo/ai85-unet/build/hm01b0.o
 .text.dump_registers
                0x000000001000263c       0xac /data/tinyai/maxCNN/test2_unet/demo/ai85-unet/build/hm01b0.o
 .text.init     0x00000000100026e8       0x1c /data/tinyai/maxCNN/test2_unet/demo/ai85-unet/build/hm01b0.o
 .text.set_colorbar
                0x0000000010002704       0x20 /data/tinyai/maxCNN/test2_unet/demo/ai85-unet/build/hm01b0.o
 .text.set_saturation
                0x0000000010002724        0x4 /data/tinyai/maxCNN/test2_unet/demo/ai85-unet/build/hm01b0.o
 .text.set_negateimage
                0x0000000010002728        0x4 /data/tinyai/maxCNN/test2_unet/demo/ai85-unet/build/hm01b0.o
 .text.set_brightness
                0x000000001000272c        0x4 /data/tinyai/maxCNN/test2_unet/demo/ai85-unet/build/hm01b0.o
 .text.sensor_register
                0x0000000010002730       0xbc /data/tinyai/maxCNN/test2_unet/demo/ai85-unet/build/hm01b0.o
                0x0000000010002730                sensor_register
 .text.send_byte
                0x00000000100027ec       0x68 /data/tinyai/maxCNN/test2_unet/demo/ai85-unet/build/sccb.o
 .text.get_byte
                0x0000000010002854       0x50 /data/tinyai/maxCNN/test2_unet/demo/ai85-unet/build/sccb.o
 .text.sccb_init
                0x00000000100028a4       0x30 /data/tinyai/maxCNN/test2_unet/demo/ai85-unet/build/sccb.o
                0x00000000100028a4                sccb_init
 .text.sccb_scan
                0x00000000100028d4       0x7c /data/tinyai/maxCNN/test2_unet/demo/ai85-unet/build/sccb.o
                0x00000000100028d4                sccb_scan
 .text.sccb_read_reg16
                0x0000000010002950      0x104 /data/tinyai/maxCNN/test2_unet/demo/ai85-unet/build/sccb.o
                0x0000000010002950                sccb_read_reg16
 .text.sccb_write_reg16
                0x0000000010002a54       0x98 /data/tinyai/maxCNN/test2_unet/demo/ai85-unet/build/sccb.o
                0x0000000010002a54                sccb_write_reg16
 .text          0x0000000010002aec      0x148 /data/tinyai/maxCNN/test2_unet/demo/ai85-unet/build/startup_max78000.o
                0x0000000010002aec                Reset_Handler
                0x0000000010002b2a                HardFault_Handler
                0x0000000010002b2c                MemManage_Handler
                0x0000000010002b2e                BusFault_Handler
                0x0000000010002b30                UsageFault_Handler
                0x0000000010002b32                SVC_Handler
                0x0000000010002b34                DebugMon_Handler
                0x0000000010002b36                PendSV_Handler
                0x0000000010002b38                SysTick_Handler
                0x0000000010002b3a                Default_Handler
                0x0000000010002b3c                PF_IRQHandler
                0x0000000010002b3e                WDT0_IRQHandler
                0x0000000010002b40                RSV02_IRQHandler
                0x0000000010002b42                RTC_IRQHandler
                0x0000000010002b44                TRNG_IRQHandler
                0x0000000010002b46                TMR0_IRQHandler
                0x0000000010002b48                TMR1_IRQHandler
                0x0000000010002b4a                TMR2_IRQHandler
                0x0000000010002b4c                TMR3_IRQHandler
                0x0000000010002b4e                TMR4_IRQHandler
                0x0000000010002b50                TMR5_IRQHandler
                0x0000000010002b52                RSV11_IRQHandler
                0x0000000010002b54                RSV12_IRQHandler
                0x0000000010002b56                I2C0_IRQHandler
                0x0000000010002b58                UART0_IRQHandler
                0x0000000010002b5a                UART1_IRQHandler
                0x0000000010002b5c                SPI1_IRQHandler
                0x0000000010002b5e                RSV17_IRQHandler
                0x0000000010002b60                RSV18_IRQHandler
                0x0000000010002b62                RSV19_IRQHandler
                0x0000000010002b64                ADC_IRQHandler
                0x0000000010002b66                RSV21_IRQHandler
                0x0000000010002b68                RSV22_IRQHandler
                0x0000000010002b6a                FLC0_IRQHandler
                0x0000000010002b6e                GPIO1_IRQHandler
                0x0000000010002b72                RSV27_IRQHandler
                0x0000000010002b74                DMA0_IRQHandler
                0x0000000010002b76                DMA1_IRQHandler
                0x0000000010002b78                DMA2_IRQHandler
                0x0000000010002b7a                DMA3_IRQHandler
                0x0000000010002b7c                RSV32_IRQHandler
                0x0000000010002b7e                RSV33_IRQHandler
                0x0000000010002b80                UART2_IRQHandler
                0x0000000010002b82                RSV35_IRQHandler
                0x0000000010002b84                I2C1_IRQHandler
                0x0000000010002b86                RSV37_IRQHandler
                0x0000000010002b88                RSV38_IRQHandler
                0x0000000010002b8a                RSV39_IRQHandler
                0x0000000010002b8c                RSV40_IRQHandler
                0x0000000010002b8e                RSV41_IRQHandler
                0x0000000010002b90                RSV42_IRQHandler
                0x0000000010002b92                RSV43_IRQHandler
                0x0000000010002b94                RSV44_IRQHandler
                0x0000000010002b96                RSV45_IRQHandler
                0x0000000010002b98                RSV46_IRQHandler
                0x0000000010002b9a                RSV47_IRQHandler
                0x0000000010002b9c                RSV48_IRQHandler
                0x0000000010002b9e                RSV49_IRQHandler
                0x0000000010002ba0                RSV50_IRQHandler
                0x0000000010002ba2                RSV51_IRQHandler
                0x0000000010002ba4                RSV52_IRQHandler
                0x0000000010002ba6                WUT_IRQHandler
                0x0000000010002ba8                GPIOWAKE_IRQHandler
                0x0000000010002baa                RSV55_IRQHandler
                0x0000000010002bac                SPI0_IRQHandler
                0x0000000010002bae                WDT1_IRQHandler
                0x0000000010002bb0                RSV58_IRQHandler
                0x0000000010002bb2                PT_IRQHandler
                0x0000000010002bb4                RSV60_IRQHandler
                0x0000000010002bb6                RSV61_IRQHandler
                0x0000000010002bb8                I2C2_IRQHandler
                0x0000000010002bba                RISCV_IRQHandler
                0x0000000010002bbc                RSV64_IRQHandler
                0x0000000010002bbe                RSV65_IRQHandler
                0x0000000010002bc0                RSV66_IRQHandler
                0x0000000010002bc2                OWM_IRQHandler
                0x0000000010002bc4                RSV68_IRQHandler
                0x0000000010002bc6                RSV69_IRQHandler
                0x0000000010002bc8                RSV70_IRQHandler
                0x0000000010002bca                RSV71_IRQHandler
                0x0000000010002bcc                RSV72_IRQHandler
                0x0000000010002bce                RSV73_IRQHandler
                0x0000000010002bd0                RSV74_IRQHandler
                0x0000000010002bd2                RSV75_IRQHandler
                0x0000000010002bd4                RSV76_IRQHandler
                0x0000000010002bd6                RSV77_IRQHandler
                0x0000000010002bd8                RSV78_IRQHandler
                0x0000000010002bda                RSV79_IRQHandler
                0x0000000010002bdc                RSV80_IRQHandler
                0x0000000010002bde                RSV81_IRQHandler
                0x0000000010002be0                ECC_IRQHandler
                0x0000000010002be2                DVS_IRQHandler
                0x0000000010002be4                SIMO_IRQHandler
                0x0000000010002be6                RSV85_IRQHandler
                0x0000000010002be8                RSV86_IRQHandler
                0x0000000010002bea                RSV87_IRQHandler
                0x0000000010002bec                UART3_IRQHandler
                0x0000000010002bee                RSV89_IRQHandler
                0x0000000010002bf0                RSV90_IRQHandler
                0x0000000010002bf2                PCIF_IRQHandler
                0x0000000010002bf4                RSV92_IRQHandler
                0x0000000010002bf6                RSV93_IRQHandler
                0x0000000010002bf8                RSV94_IRQHandler
                0x0000000010002bfa                RSV95_IRQHandler
                0x0000000010002bfc                RSV96_IRQHandler
                0x0000000010002bfe                AES_IRQHandler
                0x0000000010002c00                RSV98_IRQHandler
                0x0000000010002c02                I2S_IRQHandler
                0x0000000010002c04                CNN_FIFO_IRQHandler
                0x0000000010002c06                CNN_IRQHandler
                0x0000000010002c08                RSV102_IRQHandler
                0x0000000010002c0a                LPCMP_IRQHandler
 .text._sbrk    0x0000000010002c34       0x3c /data/tinyai/maxCNN/test2_unet/demo/ai85-unet/build/heap.o
                0x0000000010002c34                _sbrk
 .text._getpid  0x0000000010002c70        0x8 /data/tinyai/maxCNN/test2_unet/demo/ai85-unet/build/system_max78000.o
                0x0000000010002c70                _getpid
 .text._kill    0x0000000010002c78        0x8 /data/tinyai/maxCNN/test2_unet/demo/ai85-unet/build/system_max78000.o
                0x0000000010002c78                _kill
 .text.SystemCoreClockUpdate
                0x0000000010002c80       0x68 /data/tinyai/maxCNN/test2_unet/demo/ai85-unet/build/system_max78000.o
                0x0000000010002c80                SystemCoreClockUpdate
 .text.PreInit  0x0000000010002ce8        0x4 /data/tinyai/maxCNN/test2_unet/demo/ai85-unet/build/system_max78000.o
                0x0000000010002ce8                PreInit
 .text.PinInit  0x0000000010002cec        0x4 /data/tinyai/maxCNN/test2_unet/demo/ai85-unet/build/system_max78000.o
                0x0000000010002cec                PinInit
 .text.SystemInit
                0x0000000010002cf0       0x3c /data/tinyai/maxCNN/test2_unet/demo/ai85-unet/build/system_max78000.o
                0x0000000010002cf0                SystemInit
 .text.MXC_DelayInit
                0x0000000010002d2c       0x7c /data/tinyai/maxCNN/sdk/Libraries/PeriphDrivers/bin/MAX78000/spi-v1_softfp/libPeriphDriver_spi-v1_softfp.a(mxc_delay.o)
 .text.MXC_DelayAsync
                0x0000000010002da8       0x3c /data/tinyai/maxCNN/sdk/Libraries/PeriphDrivers/bin/MAX78000/spi-v1_softfp/libPeriphDriver_spi-v1_softfp.a(mxc_delay.o)
                0x0000000010002da8                MXC_DelayAsync
 .text.MXC_DelayCheck
                0x0000000010002de4       0x70 /data/tinyai/maxCNN/sdk/Libraries/PeriphDrivers/bin/MAX78000/spi-v1_softfp/libPeriphDriver_spi-v1_softfp.a(mxc_delay.o)
                0x0000000010002de4                MXC_DelayCheck
 .text.MXC_DelayAbort
                0x0000000010002e54       0x34 /data/tinyai/maxCNN/sdk/Libraries/PeriphDrivers/bin/MAX78000/spi-v1_softfp/libPeriphDriver_spi-v1_softfp.a(mxc_delay.o)
                0x0000000010002e54                MXC_DelayAbort
 .text.MXC_Delay
                0x0000000010002e88       0x74 /data/tinyai/maxCNN/sdk/Libraries/PeriphDrivers/bin/MAX78000/spi-v1_softfp/libPeriphDriver_spi-v1_softfp.a(mxc_delay.o)
                0x0000000010002e88                MXC_Delay
 .text.MXC_NVIC_SetVector
                0x0000000010002efc       0x50 /data/tinyai/maxCNN/sdk/Libraries/PeriphDrivers/bin/MAX78000/spi-v1_softfp/libPeriphDriver_spi-v1_softfp.a(nvic_table.o)
                0x0000000010002efc                MXC_NVIC_SetVector
 .text.MXC_SYS_IsClockEnabled
                0x0000000010002f4c       0x44 /data/tinyai/maxCNN/sdk/Libraries/PeriphDrivers/bin/MAX78000/spi-v1_softfp/libPeriphDriver_spi-v1_softfp.a(sys_ai85.o)
                0x0000000010002f4c                MXC_SYS_IsClockEnabled
 .text.MXC_SYS_ClockDisable
                0x0000000010002f90       0x44 /data/tinyai/maxCNN/sdk/Libraries/PeriphDrivers/bin/MAX78000/spi-v1_softfp/libPeriphDriver_spi-v1_softfp.a(sys_ai85.o)
                0x0000000010002f90                MXC_SYS_ClockDisable
 .text.MXC_SYS_ClockEnable
                0x0000000010002fd4       0x4c /data/tinyai/maxCNN/sdk/Libraries/PeriphDrivers/bin/MAX78000/spi-v1_softfp/libPeriphDriver_spi-v1_softfp.a(sys_ai85.o)
                0x0000000010002fd4                MXC_SYS_ClockEnable
 .text.MXC_SYS_ClockSourceEnable
                0x0000000010003020       0xf4 /data/tinyai/maxCNN/sdk/Libraries/PeriphDrivers/bin/MAX78000/spi-v1_softfp/libPeriphDriver_spi-v1_softfp.a(sys_ai85.o)
                0x0000000010003020                MXC_SYS_ClockSourceEnable
 .text.MXC_SYS_Clock_Select
                0x0000000010003114      0x194 /data/tinyai/maxCNN/sdk/Libraries/PeriphDrivers/bin/MAX78000/spi-v1_softfp/libPeriphDriver_spi-v1_softfp.a(sys_ai85.o)
                0x0000000010003114                MXC_SYS_Clock_Select
 .text.MXC_SYS_Reset_Periph
                0x00000000100032a8       0x50 /data/tinyai/maxCNN/sdk/Libraries/PeriphDrivers/bin/MAX78000/spi-v1_softfp/libPeriphDriver_spi-v1_softfp.a(sys_ai85.o)
                0x00000000100032a8                MXC_SYS_Reset_Periph
 .text.MXC_PCIF_Init
                0x00000000100032f8       0x6c /data/tinyai/maxCNN/sdk/Libraries/PeriphDrivers/bin/MAX78000/spi-v1_softfp/libPeriphDriver_spi-v1_softfp.a(cameraif_ai85.o)
                0x00000000100032f8                MXC_PCIF_Init
 .text.MXC_PCIF_SetDataWidth
                0x0000000010003364        0xc /data/tinyai/maxCNN/sdk/Libraries/PeriphDrivers/bin/MAX78000/spi-v1_softfp/libPeriphDriver_spi-v1_softfp.a(cameraif_ai85.o)
                0x0000000010003364                MXC_PCIF_SetDataWidth
 .text.MXC_PCIF_SetTimingSel
                0x0000000010003370        0xc /data/tinyai/maxCNN/sdk/Libraries/PeriphDrivers/bin/MAX78000/spi-v1_softfp/libPeriphDriver_spi-v1_softfp.a(cameraif_ai85.o)
                0x0000000010003370                MXC_PCIF_SetTimingSel
 .text.MXC_PCIF_SetThreshold
                0x000000001000337c        0xc /data/tinyai/maxCNN/sdk/Libraries/PeriphDrivers/bin/MAX78000/spi-v1_softfp/libPeriphDriver_spi-v1_softfp.a(cameraif_ai85.o)
                0x000000001000337c                MXC_PCIF_SetThreshold
 .text.MXC_PCIF_EnableInt
                0x0000000010003388        0xc /data/tinyai/maxCNN/sdk/Libraries/PeriphDrivers/bin/MAX78000/spi-v1_softfp/libPeriphDriver_spi-v1_softfp.a(cameraif_ai85.o)
                0x0000000010003388                MXC_PCIF_EnableInt
 .text.MXC_PCIF_DisableInt
                0x0000000010003394        0xc /data/tinyai/maxCNN/sdk/Libraries/PeriphDrivers/bin/MAX78000/spi-v1_softfp/libPeriphDriver_spi-v1_softfp.a(cameraif_ai85.o)
                0x0000000010003394                MXC_PCIF_DisableInt
 .text.MXC_PCIF_Start
                0x00000000100033a0        0xc /data/tinyai/maxCNN/sdk/Libraries/PeriphDrivers/bin/MAX78000/spi-v1_softfp/libPeriphDriver_spi-v1_softfp.a(cameraif_ai85.o)
                0x00000000100033a0                MXC_PCIF_Start
 .text.MXC_PCIF_RevA_SetDatawidth
                0x00000000100033ac       0x14 /data/tinyai/maxCNN/sdk/Libraries/PeriphDrivers/bin/MAX78000/spi-v1_softfp/libPeriphDriver_spi-v1_softfp.a(cameraif_reva.o)
                0x00000000100033ac                MXC_PCIF_RevA_SetDatawidth
 .text.MXC_PCIF_RevA_SetTimingSel
                0x00000000100033c0       0x14 /data/tinyai/maxCNN/sdk/Libraries/PeriphDrivers/bin/MAX78000/spi-v1_softfp/libPeriphDriver_spi-v1_softfp.a(cameraif_reva.o)
                0x00000000100033c0                MXC_PCIF_RevA_SetTimingSel
 .text.MXC_PCIF_RevA_SetThreshold
                0x00000000100033d4       0x18 /data/tinyai/maxCNN/sdk/Libraries/PeriphDrivers/bin/MAX78000/spi-v1_softfp/libPeriphDriver_spi-v1_softfp.a(cameraif_reva.o)
                0x00000000100033d4                MXC_PCIF_RevA_SetThreshold
 .text.MXC_PCIF_RevA_EnableInt
                0x00000000100033ec        0xc /data/tinyai/maxCNN/sdk/Libraries/PeriphDrivers/bin/MAX78000/spi-v1_softfp/libPeriphDriver_spi-v1_softfp.a(cameraif_reva.o)
                0x00000000100033ec                MXC_PCIF_RevA_EnableInt
 .text.MXC_PCIF_RevA_DisableInt
                0x00000000100033f8       0x10 /data/tinyai/maxCNN/sdk/Libraries/PeriphDrivers/bin/MAX78000/spi-v1_softfp/libPeriphDriver_spi-v1_softfp.a(cameraif_reva.o)
                0x00000000100033f8                MXC_PCIF_RevA_DisableInt
 .text.MXC_PCIF_RevA_Start
                0x0000000010003408       0x14 /data/tinyai/maxCNN/sdk/Libraries/PeriphDrivers/bin/MAX78000/spi-v1_softfp/libPeriphDriver_spi-v1_softfp.a(cameraif_reva.o)
                0x0000000010003408                MXC_PCIF_RevA_Start
 .text.MXC_DMA_Init
                0x000000001000341c       0x30 /data/tinyai/maxCNN/sdk/Libraries/PeriphDrivers/bin/MAX78000/spi-v1_softfp/libPeriphDriver_spi-v1_softfp.a(dma_me17.o)
                0x000000001000341c                MXC_DMA_Init
 .text.MXC_DMA_AcquireChannel
                0x000000001000344c        0xc /data/tinyai/maxCNN/sdk/Libraries/PeriphDrivers/bin/MAX78000/spi-v1_softfp/libPeriphDriver_spi-v1_softfp.a(dma_me17.o)
                0x000000001000344c                MXC_DMA_AcquireChannel
 .text.MXC_DMA_SetCallback
                0x0000000010003458        0x4 /data/tinyai/maxCNN/sdk/Libraries/PeriphDrivers/bin/MAX78000/spi-v1_softfp/libPeriphDriver_spi-v1_softfp.a(dma_me17.o)
                0x0000000010003458                MXC_DMA_SetCallback
 .text.MXC_DMA_ChannelClearFlags
                0x000000001000345c        0x4 /data/tinyai/maxCNN/sdk/Libraries/PeriphDrivers/bin/MAX78000/spi-v1_softfp/libPeriphDriver_spi-v1_softfp.a(dma_me17.o)
                0x000000001000345c                MXC_DMA_ChannelClearFlags
 .text.MXC_DMA_Handler
                0x0000000010003460        0xc /data/tinyai/maxCNN/sdk/Libraries/PeriphDrivers/bin/MAX78000/spi-v1_softfp/libPeriphDriver_spi-v1_softfp.a(dma_me17.o)
                0x0000000010003460                MXC_DMA_Handler
 .text.MXC_DMA_RevA_Init
                0x000000001000346c       0xac /data/tinyai/maxCNN/sdk/Libraries/PeriphDrivers/bin/MAX78000/spi-v1_softfp/libPeriphDriver_spi-v1_softfp.a(dma_reva.o)
                0x000000001000346c                MXC_DMA_RevA_Init
 .text.MXC_DMA_RevA_AcquireChannel
                0x0000000010003518       0x88 /data/tinyai/maxCNN/sdk/Libraries/PeriphDrivers/bin/MAX78000/spi-v1_softfp/libPeriphDriver_spi-v1_softfp.a(dma_reva.o)
                0x0000000010003518                MXC_DMA_RevA_AcquireChannel
 .text.MXC_DMA_RevA_SetCallback
                0x00000000100035a0       0x24 /data/tinyai/maxCNN/sdk/Libraries/PeriphDrivers/bin/MAX78000/spi-v1_softfp/libPeriphDriver_spi-v1_softfp.a(dma_reva.o)
                0x00000000100035a0                MXC_DMA_RevA_SetCallback
 .text.MXC_DMA_RevA_ChannelClearFlags
                0x00000000100035c4       0x2c /data/tinyai/maxCNN/sdk/Libraries/PeriphDrivers/bin/MAX78000/spi-v1_softfp/libPeriphDriver_spi-v1_softfp.a(dma_reva.o)
                0x00000000100035c4                MXC_DMA_RevA_ChannelClearFlags
 .text.MXC_DMA_RevA_Handler
                0x00000000100035f0       0x84 /data/tinyai/maxCNN/sdk/Libraries/PeriphDrivers/bin/MAX78000/spi-v1_softfp/libPeriphDriver_spi-v1_softfp.a(dma_reva.o)
                0x00000000100035f0                MXC_DMA_RevA_Handler
 .text.MXC_GPIO_Init
                0x0000000010003674       0x40 /data/tinyai/maxCNN/sdk/Libraries/PeriphDrivers/bin/MAX78000/spi-v1_softfp/libPeriphDriver_spi-v1_softfp.a(gpio_ai85.o)
                0x0000000010003674                MXC_GPIO_Init
 .text.MXC_GPIO_Config
                0x00000000100036b4      0x234 /data/tinyai/maxCNN/sdk/Libraries/PeriphDrivers/bin/MAX78000/spi-v1_softfp/libPeriphDriver_spi-v1_softfp.a(gpio_ai85.o)
                0x00000000100036b4                MXC_GPIO_Config
 .text.MXC_GPIO_OutSet
                0x00000000100038e8       0x30 /data/tinyai/maxCNN/sdk/Libraries/PeriphDrivers/bin/MAX78000/spi-v1_softfp/libPeriphDriver_spi-v1_softfp.a(gpio_ai85.o)
                0x00000000100038e8                MXC_GPIO_OutSet
 .text.MXC_GPIO_OutClr
                0x0000000010003918       0x34 /data/tinyai/maxCNN/sdk/Libraries/PeriphDrivers/bin/MAX78000/spi-v1_softfp/libPeriphDriver_spi-v1_softfp.a(gpio_ai85.o)
                0x0000000010003918                MXC_GPIO_OutClr
 .text.MXC_GPIO_Handler
                0x000000001000394c        0x4 /data/tinyai/maxCNN/sdk/Libraries/PeriphDrivers/bin/MAX78000/spi-v1_softfp/libPeriphDriver_spi-v1_softfp.a(gpio_ai85.o)
                0x000000001000394c                MXC_GPIO_Handler
 .text.MXC_GPIO_ClearFlags
                0x0000000010003950       0x18 /data/tinyai/maxCNN/sdk/Libraries/PeriphDrivers/bin/MAX78000/spi-v1_softfp/libPeriphDriver_spi-v1_softfp.a(gpio_ai85.o)
                0x0000000010003950                MXC_GPIO_ClearFlags
 .text.MXC_GPIO_GetFlags
                0x0000000010003968       0x18 /data/tinyai/maxCNN/sdk/Libraries/PeriphDrivers/bin/MAX78000/spi-v1_softfp/libPeriphDriver_spi-v1_softfp.a(gpio_ai85.o)
                0x0000000010003968                MXC_GPIO_GetFlags
 .text.MXC_GPIO_SetVSSEL
                0x0000000010003980       0x24 /data/tinyai/maxCNN/sdk/Libraries/PeriphDrivers/bin/MAX78000/spi-v1_softfp/libPeriphDriver_spi-v1_softfp.a(gpio_ai85.o)
                0x0000000010003980                MXC_GPIO_SetVSSEL
 .text.MXC_GPIO_GetConfigLock
                0x00000000100039a4        0x4 /data/tinyai/maxCNN/sdk/Libraries/PeriphDrivers/bin/MAX78000/spi-v1_softfp/libPeriphDriver_spi-v1_softfp.a(gpio_ai85.o)
                0x00000000100039a4                MXC_GPIO_GetConfigLock
 .text.MXC_GPIO_RevA_OutSet
                0x00000000100039a8        0x4 /data/tinyai/maxCNN/sdk/Libraries/PeriphDrivers/bin/MAX78000/spi-v1_softfp/libPeriphDriver_spi-v1_softfp.a(gpio_reva.o)
                0x00000000100039a8                MXC_GPIO_RevA_OutSet
 .text.MXC_GPIO_RevA_OutClr
                0x00000000100039ac        0x4 /data/tinyai/maxCNN/sdk/Libraries/PeriphDrivers/bin/MAX78000/spi-v1_softfp/libPeriphDriver_spi-v1_softfp.a(gpio_reva.o)
                0x00000000100039ac                MXC_GPIO_RevA_OutClr
 .text.MXC_GPIO_RevA_ClearFlags
                0x00000000100039b0        0x4 /data/tinyai/maxCNN/sdk/Libraries/PeriphDrivers/bin/MAX78000/spi-v1_softfp/libPeriphDriver_spi-v1_softfp.a(gpio_reva.o)
                0x00000000100039b0                MXC_GPIO_RevA_ClearFlags
 .text.MXC_GPIO_RevA_GetFlags
                0x00000000100039b4        0x4 /data/tinyai/maxCNN/sdk/Libraries/PeriphDrivers/bin/MAX78000/spi-v1_softfp/libPeriphDriver_spi-v1_softfp.a(gpio_reva.o)
                0x00000000100039b4                MXC_GPIO_RevA_GetFlags
 .text.MXC_GPIO_RevA_SetVSSEL
                0x00000000100039b8       0x40 /data/tinyai/maxCNN/sdk/Libraries/PeriphDrivers/bin/MAX78000/spi-v1_softfp/libPeriphDriver_spi-v1_softfp.a(gpio_reva.o)
                0x00000000100039b8                MXC_GPIO_RevA_SetVSSEL
 .text.MXC_GPIO_RevA_SetAF
                0x00000000100039f8       0x7c /data/tinyai/maxCNN/sdk/Libraries/PeriphDrivers/bin/MAX78000/spi-v1_softfp/libPeriphDriver_spi-v1_softfp.a(gpio_reva.o)
                0x00000000100039f8                MXC_GPIO_RevA_SetAF
 .text.MXC_GPIO_RevA_SetDriveStrength
                0x0000000010003a74       0xa0 /data/tinyai/maxCNN/sdk/Libraries/PeriphDrivers/bin/MAX78000/spi-v1_softfp/libPeriphDriver_spi-v1_softfp.a(gpio_reva.o)
                0x0000000010003a74                MXC_GPIO_RevA_SetDriveStrength
 .text.MXC_ICC_Enable
                0x0000000010003b14        0x4 /data/tinyai/maxCNN/sdk/Libraries/PeriphDrivers/bin/MAX78000/spi-v1_softfp/libPeriphDriver_spi-v1_softfp.a(icc_me17.o)
                0x0000000010003b14                MXC_ICC_Enable
 .text.MXC_ICC_RevA_Enable
                0x0000000010003b18       0x30 /data/tinyai/maxCNN/sdk/Libraries/PeriphDrivers/bin/MAX78000/spi-v1_softfp/libPeriphDriver_spi-v1_softfp.a(icc_reva.o)
                0x0000000010003b18                MXC_ICC_RevA_Enable
 .text.MXC_PT_Init
                0x0000000010003b48      0x128 /data/tinyai/maxCNN/sdk/Libraries/PeriphDrivers/bin/MAX78000/spi-v1_softfp/libPeriphDriver_spi-v1_softfp.a(pt_ai85.o)
                0x0000000010003b48                MXC_PT_Init
 .text.MXC_PT_Config
                0x0000000010003c70       0x5c /data/tinyai/maxCNN/sdk/Libraries/PeriphDrivers/bin/MAX78000/spi-v1_softfp/libPeriphDriver_spi-v1_softfp.a(pt_ai85.o)
                0x0000000010003c70                MXC_PT_Config
 .text.MXC_PT_SqrWaveConfig
                0x0000000010003ccc       0x20 /data/tinyai/maxCNN/sdk/Libraries/PeriphDrivers/bin/MAX78000/spi-v1_softfp/libPeriphDriver_spi-v1_softfp.a(pt_ai85.o)
                0x0000000010003ccc                MXC_PT_SqrWaveConfig
 .text.MXC_PT_Start
                0x0000000010003cec        0xc /data/tinyai/maxCNN/sdk/Libraries/PeriphDrivers/bin/MAX78000/spi-v1_softfp/libPeriphDriver_spi-v1_softfp.a(pt_ai85.o)
                0x0000000010003cec                MXC_PT_Start
 .text.MXC_PT_IsActive
                0x0000000010003cf8        0xc /data/tinyai/maxCNN/sdk/Libraries/PeriphDrivers/bin/MAX78000/spi-v1_softfp/libPeriphDriver_spi-v1_softfp.a(pt_ai85.o)
                0x0000000010003cf8                MXC_PT_IsActive
 .text.MXC_PT_RevA_Init
                0x0000000010003d04       0x10 /data/tinyai/maxCNN/sdk/Libraries/PeriphDrivers/bin/MAX78000/spi-v1_softfp/libPeriphDriver_spi-v1_softfp.a(pt_reva.o)
                0x0000000010003d04                MXC_PT_RevA_Init
 .text.MXC_PT_RevA_Config
                0x0000000010003d14       0xc4 /data/tinyai/maxCNN/sdk/Libraries/PeriphDrivers/bin/MAX78000/spi-v1_softfp/libPeriphDriver_spi-v1_softfp.a(pt_reva.o)
                0x0000000010003d14                MXC_PT_RevA_Config
 .text.MXC_PT_RevA_SqrWaveConfig
                0x0000000010003dd8       0x18 /data/tinyai/maxCNN/sdk/Libraries/PeriphDrivers/bin/MAX78000/spi-v1_softfp/libPeriphDriver_spi-v1_softfp.a(pt_reva.o)
                0x0000000010003dd8                MXC_PT_RevA_SqrWaveConfig
 .text.MXC_PT_RevA_Start
                0x0000000010003df0       0x10 /data/tinyai/maxCNN/sdk/Libraries/PeriphDrivers/bin/MAX78000/spi-v1_softfp/libPeriphDriver_spi-v1_softfp.a(pt_reva.o)
                0x0000000010003df0                MXC_PT_RevA_Start
 .text.MXC_PT_RevA_IsActive
                0x0000000010003e00        0xc /data/tinyai/maxCNN/sdk/Libraries/PeriphDrivers/bin/MAX78000/spi-v1_softfp/libPeriphDriver_spi-v1_softfp.a(pt_reva.o)
                0x0000000010003e00                MXC_PT_RevA_IsActive
 .text.MXC_UART_Shutdown
                0x0000000010003e0c       0x70 /data/tinyai/maxCNN/sdk/Libraries/PeriphDrivers/bin/MAX78000/spi-v1_softfp/libPeriphDriver_spi-v1_softfp.a(uart_ai85.o)
                0x0000000010003e0c                MXC_UART_Shutdown
 .text.MXC_UART_Init
                0x0000000010003e7c       0xb8 /data/tinyai/maxCNN/sdk/Libraries/PeriphDrivers/bin/MAX78000/spi-v1_softfp/libPeriphDriver_spi-v1_softfp.a(uart_ai85.o)
                0x0000000010003e7c                MXC_UART_Init
 .text.MXC_UART_SetFrequency
                0x0000000010003f34       0xcc /data/tinyai/maxCNN/sdk/Libraries/PeriphDrivers/bin/MAX78000/spi-v1_softfp/libPeriphDriver_spi-v1_softfp.a(uart_ai85.o)
                0x0000000010003f34                MXC_UART_SetFrequency
 .text.MXC_UART_GetFrequency
                0x0000000010004000       0x54 /data/tinyai/maxCNN/sdk/Libraries/PeriphDrivers/bin/MAX78000/spi-v1_softfp/libPeriphDriver_spi-v1_softfp.a(uart_ai85.o)
                0x0000000010004000                MXC_UART_GetFrequency
 .text.MXC_UART_SetDataSize
                0x0000000010004054        0x4 /data/tinyai/maxCNN/sdk/Libraries/PeriphDrivers/bin/MAX78000/spi-v1_softfp/libPeriphDriver_spi-v1_softfp.a(uart_ai85.o)
                0x0000000010004054                MXC_UART_SetDataSize
 .text.MXC_UART_SetStopBits
                0x0000000010004058        0x4 /data/tinyai/maxCNN/sdk/Libraries/PeriphDrivers/bin/MAX78000/spi-v1_softfp/libPeriphDriver_spi-v1_softfp.a(uart_ai85.o)
                0x0000000010004058                MXC_UART_SetStopBits
 .text.MXC_UART_SetParity
                0x000000001000405c        0x4 /data/tinyai/maxCNN/sdk/Libraries/PeriphDrivers/bin/MAX78000/spi-v1_softfp/libPeriphDriver_spi-v1_softfp.a(uart_ai85.o)
                0x000000001000405c                MXC_UART_SetParity
 .text.MXC_UART_ReadCharacterRaw
                0x0000000010004060        0x4 /data/tinyai/maxCNN/sdk/Libraries/PeriphDrivers/bin/MAX78000/spi-v1_softfp/libPeriphDriver_spi-v1_softfp.a(uart_ai85.o)
                0x0000000010004060                MXC_UART_ReadCharacterRaw
 .text.MXC_UART_WriteCharacterRaw
                0x0000000010004064        0x4 /data/tinyai/maxCNN/sdk/Libraries/PeriphDrivers/bin/MAX78000/spi-v1_softfp/libPeriphDriver_spi-v1_softfp.a(uart_ai85.o)
                0x0000000010004064                MXC_UART_WriteCharacterRaw
 .text.MXC_UART_ReadCharacter
                0x0000000010004068        0x4 /data/tinyai/maxCNN/sdk/Libraries/PeriphDrivers/bin/MAX78000/spi-v1_softfp/libPeriphDriver_spi-v1_softfp.a(uart_ai85.o)
                0x0000000010004068                MXC_UART_ReadCharacter
 .text.MXC_UART_WriteCharacter
                0x000000001000406c        0x4 /data/tinyai/maxCNN/sdk/Libraries/PeriphDrivers/bin/MAX78000/spi-v1_softfp/libPeriphDriver_spi-v1_softfp.a(uart_ai85.o)
                0x000000001000406c                MXC_UART_WriteCharacter
 .text.MXC_UART_GetRXFIFOAvailable
                0x0000000010004070        0x4 /data/tinyai/maxCNN/sdk/Libraries/PeriphDrivers/bin/MAX78000/spi-v1_softfp/libPeriphDriver_spi-v1_softfp.a(uart_ai85.o)
                0x0000000010004070                MXC_UART_GetRXFIFOAvailable
 .text.MXC_UART_GetTXFIFOAvailable
                0x0000000010004074        0x4 /data/tinyai/maxCNN/sdk/Libraries/PeriphDrivers/bin/MAX78000/spi-v1_softfp/libPeriphDriver_spi-v1_softfp.a(uart_ai85.o)
                0x0000000010004074                MXC_UART_GetTXFIFOAvailable
 .text.MXC_UART_SetRXThreshold
                0x0000000010004078        0x4 /data/tinyai/maxCNN/sdk/Libraries/PeriphDrivers/bin/MAX78000/spi-v1_softfp/libPeriphDriver_spi-v1_softfp.a(uart_ai85.o)
                0x0000000010004078                MXC_UART_SetRXThreshold
 .text.MXC_UART_Common_ReadCharacter
                0x000000001000407c       0x18 /data/tinyai/maxCNN/sdk/Libraries/PeriphDrivers/bin/MAX78000/spi-v1_softfp/libPeriphDriver_spi-v1_softfp.a(uart_common.o)
                0x000000001000407c                MXC_UART_Common_ReadCharacter
 .text.MXC_UART_Common_WriteCharacter
                0x0000000010004094       0x1c /data/tinyai/maxCNN/sdk/Libraries/PeriphDrivers/bin/MAX78000/spi-v1_softfp/libPeriphDriver_spi-v1_softfp.a(uart_common.o)
                0x0000000010004094                MXC_UART_Common_WriteCharacter
 .text.MXC_UART_RevB_Init
                0x00000000100040b0       0xe0 /data/tinyai/maxCNN/sdk/Libraries/PeriphDrivers/bin/MAX78000/spi-v1_softfp/libPeriphDriver_spi-v1_softfp.a(uart_revb.o)
                0x00000000100040b0                MXC_UART_RevB_Init
 .text.MXC_UART_RevB_SetFrequency
                0x0000000010004190       0x74 /data/tinyai/maxCNN/sdk/Libraries/PeriphDrivers/bin/MAX78000/spi-v1_softfp/libPeriphDriver_spi-v1_softfp.a(uart_revb.o)
                0x0000000010004190                MXC_UART_RevB_SetFrequency
 .text.MXC_UART_RevB_GetFrequency
                0x0000000010004204       0x54 /data/tinyai/maxCNN/sdk/Libraries/PeriphDrivers/bin/MAX78000/spi-v1_softfp/libPeriphDriver_spi-v1_softfp.a(uart_revb.o)
                0x0000000010004204                MXC_UART_RevB_GetFrequency
 .text.MXC_UART_RevB_SetDataSize
                0x0000000010004258       0x20 /data/tinyai/maxCNN/sdk/Libraries/PeriphDrivers/bin/MAX78000/spi-v1_softfp/libPeriphDriver_spi-v1_softfp.a(uart_revb.o)
                0x0000000010004258                MXC_UART_RevB_SetDataSize
 .text.MXC_UART_RevB_SetStopBits
                0x0000000010004278       0x28 /data/tinyai/maxCNN/sdk/Libraries/PeriphDrivers/bin/MAX78000/spi-v1_softfp/libPeriphDriver_spi-v1_softfp.a(uart_revb.o)
                0x0000000010004278                MXC_UART_RevB_SetStopBits
 .text.MXC_UART_RevB_SetParity
                0x00000000100042a0       0x94 /data/tinyai/maxCNN/sdk/Libraries/PeriphDrivers/bin/MAX78000/spi-v1_softfp/libPeriphDriver_spi-v1_softfp.a(uart_revb.o)
                0x00000000100042a0                MXC_UART_RevB_SetParity
 .text.MXC_UART_RevB_ReadCharacterRaw
                0x0000000010004334       0x10 /data/tinyai/maxCNN/sdk/Libraries/PeriphDrivers/bin/MAX78000/spi-v1_softfp/libPeriphDriver_spi-v1_softfp.a(uart_revb.o)
                0x0000000010004334                MXC_UART_RevB_ReadCharacterRaw
 .text.MXC_UART_RevB_WriteCharacterRaw
                0x0000000010004344       0x14 /data/tinyai/maxCNN/sdk/Libraries/PeriphDrivers/bin/MAX78000/spi-v1_softfp/libPeriphDriver_spi-v1_softfp.a(uart_revb.o)
                0x0000000010004344                MXC_UART_RevB_WriteCharacterRaw
 .text.MXC_UART_RevB_GetRXFIFOAvailable
                0x0000000010004358        0x8 /data/tinyai/maxCNN/sdk/Libraries/PeriphDrivers/bin/MAX78000/spi-v1_softfp/libPeriphDriver_spi-v1_softfp.a(uart_revb.o)
                0x0000000010004358                MXC_UART_RevB_GetRXFIFOAvailable
 .text.MXC_UART_RevB_GetTXFIFOAvailable
                0x0000000010004360        0xc /data/tinyai/maxCNN/sdk/Libraries/PeriphDrivers/bin/MAX78000/spi-v1_softfp/libPeriphDriver_spi-v1_softfp.a(uart_revb.o)
                0x0000000010004360                MXC_UART_RevB_GetTXFIFOAvailable
 .text.MXC_UART_RevB_SetRXThreshold
                0x000000001000436c       0x1c /data/tinyai/maxCNN/sdk/Libraries/PeriphDrivers/bin/MAX78000/spi-v1_softfp/libPeriphDriver_spi-v1_softfp.a(uart_revb.o)
                0x000000001000436c                MXC_UART_RevB_SetRXThreshold
 .text.MXC_GetLock
                0x0000000010004388       0x1c /data/tinyai/maxCNN/sdk/Libraries/PeriphDrivers/bin/MAX78000/spi-v1_softfp/libPeriphDriver_spi-v1_softfp.a(mxc_lock.o)
                0x0000000010004388                MXC_GetLock
 .text.MXC_FreeLock
                0x00000000100043a4        0xc /data/tinyai/maxCNN/sdk/Libraries/PeriphDrivers/bin/MAX78000/spi-v1_softfp/libPeriphDriver_spi-v1_softfp.a(mxc_lock.o)
                0x00000000100043a4                MXC_FreeLock
 .text.MXC_GPIO_Common_Init
                0x00000000100043b0       0x24 /data/tinyai/maxCNN/sdk/Libraries/PeriphDrivers/bin/MAX78000/spi-v1_softfp/libPeriphDriver_spi-v1_softfp.a(gpio_common.o)
                0x00000000100043b0                MXC_GPIO_Common_Init
 .text.MXC_GPIO_Common_Handler
                0x00000000100043d4       0x88 /data/tinyai/maxCNN/sdk/Libraries/PeriphDrivers/bin/MAX78000/spi-v1_softfp/libPeriphDriver_spi-v1_softfp.a(gpio_common.o)
                0x00000000100043d4                MXC_GPIO_Common_Handler
 .text.MXC_GPIO_Common_GetConfigLock
                0x000000001000445c        0xc /data/tinyai/maxCNN/sdk/Libraries/PeriphDrivers/bin/MAX78000/spi-v1_softfp/libPeriphDriver_spi-v1_softfp.a(gpio_common.o)
                0x000000001000445c                MXC_GPIO_Common_GetConfigLock
 .text.__errno  0x0000000010004468        0xc /data/tinyai/maxCNN/sdk/Tools/SDK_install_root/Tools/GNUTools/10.3/bin/../lib/gcc/arm-none-eabi/10.3.1/../../../../arm-none-eabi/lib/thumb/v7e-m+fp/softfp/libc.a(lib_a-errno.o)
                0x0000000010004468                __errno
 .text.__libc_init_array
                0x0000000010004474       0x48 /data/tinyai/maxCNN/sdk/Tools/SDK_install_root/Tools/GNUTools/10.3/bin/../lib/gcc/arm-none-eabi/10.3.1/../../../../arm-none-eabi/lib/thumb/v7e-m+fp/softfp/libc.a(lib_a-init.o)
                0x0000000010004474                __libc_init_array
 .text.malloc   0x00000000100044bc       0x10 /data/tinyai/maxCNN/sdk/Tools/SDK_install_root/Tools/GNUTools/10.3/bin/../lib/gcc/arm-none-eabi/10.3.1/../../../../arm-none-eabi/lib/thumb/v7e-m+fp/softfp/libc.a(lib_a-malloc.o)
                0x00000000100044bc                malloc
 .text.free     0x00000000100044cc       0x10 /data/tinyai/maxCNN/sdk/Tools/SDK_install_root/Tools/GNUTools/10.3/bin/../lib/gcc/arm-none-eabi/10.3.1/../../../../arm-none-eabi/lib/thumb/v7e-m+fp/softfp/libc.a(lib_a-malloc.o)
                0x00000000100044cc                free
 .text._malloc_r
                0x00000000100044dc      0x560 /data/tinyai/maxCNN/sdk/Tools/SDK_install_root/Tools/GNUTools/10.3/bin/../lib/gcc/arm-none-eabi/10.3.1/../../../../arm-none-eabi/lib/thumb/v7e-m+fp/softfp/libc.a(lib_a-mallocr.o)
                0x00000000100044dc                _malloc_r
 .text          0x0000000010004a3c      0x134 /data/tinyai/maxCNN/sdk/Tools/SDK_install_root/Tools/GNUTools/10.3/bin/../lib/gcc/arm-none-eabi/10.3.1/../../../../arm-none-eabi/lib/thumb/v7e-m+fp/softfp/libc.a(lib_a-memcpy.o)
                0x0000000010004a3c                memcpy
 .text.memset   0x0000000010004b70       0xa4 /data/tinyai/maxCNN/sdk/Tools/SDK_install_root/Tools/GNUTools/10.3/bin/../lib/gcc/arm-none-eabi/10.3.1/../../../../arm-none-eabi/lib/thumb/v7e-m+fp/softfp/libc.a(lib_a-memset.o)
                0x0000000010004b70                memset
 .text.__malloc_lock
                0x0000000010004c14        0xc /data/tinyai/maxCNN/sdk/Tools/SDK_install_root/Tools/GNUTools/10.3/bin/../lib/gcc/arm-none-eabi/10.3.1/../../../../arm-none-eabi/lib/thumb/v7e-m+fp/softfp/libc.a(lib_a-mlock.o)
                0x0000000010004c14                __malloc_lock
 .text.__malloc_unlock
                0x0000000010004c20        0xc /data/tinyai/maxCNN/sdk/Tools/SDK_install_root/Tools/GNUTools/10.3/bin/../lib/gcc/arm-none-eabi/10.3.1/../../../../arm-none-eabi/lib/thumb/v7e-m+fp/softfp/libc.a(lib_a-mlock.o)
                0x0000000010004c20                __malloc_unlock
 .text.printf   0x0000000010004c2c       0x28 /data/tinyai/maxCNN/sdk/Tools/SDK_install_root/Tools/GNUTools/10.3/bin/../lib/gcc/arm-none-eabi/10.3.1/../../../../arm-none-eabi/lib/thumb/v7e-m+fp/softfp/libc.a(lib_a-printf.o)
                0x0000000010004c2c                printf
 .text._puts_r  0x0000000010004c54       0x9c /data/tinyai/maxCNN/sdk/Tools/SDK_install_root/Tools/GNUTools/10.3/bin/../lib/gcc/arm-none-eabi/10.3.1/../../../../arm-none-eabi/lib/thumb/v7e-m+fp/softfp/libc.a(lib_a-puts.o)
                0x0000000010004c54                _puts_r
 .text.puts     0x0000000010004cf0       0x10 /data/tinyai/maxCNN/sdk/Tools/SDK_install_root/Tools/GNUTools/10.3/bin/../lib/gcc/arm-none-eabi/10.3.1/../../../../arm-none-eabi/lib/thumb/v7e-m+fp/softfp/libc.a(lib_a-puts.o)
                0x0000000010004cf0                puts
 .text._sbrk_r  0x0000000010004d00       0x24 /data/tinyai/maxCNN/sdk/Tools/SDK_install_root/Tools/GNUTools/10.3/bin/../lib/gcc/arm-none-eabi/10.3.1/../../../../arm-none-eabi/lib/thumb/v7e-m+fp/softfp/libc.a(lib_a-sbrkr.o)
                0x0000000010004d00                _sbrk_r
 .text.snprintf
                0x0000000010004d24       0x88 /data/tinyai/maxCNN/sdk/Tools/SDK_install_root/Tools/GNUTools/10.3/bin/../lib/gcc/arm-none-eabi/10.3.1/../../../../arm-none-eabi/lib/thumb/v7e-m+fp/softfp/libc.a(lib_a-snprintf.o)
                0x0000000010004d24                snprintf
 *fill*         0x0000000010004dac       0x14 
 .text          0x0000000010004dc0       0xdc /data/tinyai/maxCNN/sdk/Tools/SDK_install_root/Tools/GNUTools/10.3/bin/../lib/gcc/arm-none-eabi/10.3.1/../../../../arm-none-eabi/lib/thumb/v7e-m+fp/softfp/libc.a(lib_a-strlen.o)
                0x0000000010004dc0                strlen
 *fill*         0x0000000010004e9c        0x4 
 .text._svfprintf_r
                0x0000000010004ea0     0x1ac8 /data/tinyai/maxCNN/sdk/Tools/SDK_install_root/Tools/GNUTools/10.3/bin/../lib/gcc/arm-none-eabi/10.3.1/../../../../arm-none-eabi/lib/thumb/v7e-m+fp/softfp/libc.a(lib_a-svfprintf.o)
                0x0000000010004ea0                _svfprintf_r
 .text._vfprintf_r
                0x0000000010006968     0x1b8c /data/tinyai/maxCNN/sdk/Tools/SDK_install_root/Tools/GNUTools/10.3/bin/../lib/gcc/arm-none-eabi/10.3.1/../../../../arm-none-eabi/lib/thumb/v7e-m+fp/softfp/libc.a(lib_a-vfprintf.o)
                0x0000000010006968                _vfprintf_r
 .text.__sbprintf
                0x00000000100084f4       0x80 /data/tinyai/maxCNN/sdk/Tools/SDK_install_root/Tools/GNUTools/10.3/bin/../lib/gcc/arm-none-eabi/10.3.1/../../../../arm-none-eabi/lib/thumb/v7e-m+fp/softfp/libc.a(lib_a-vfprintf.o)
 .text.__swsetup_r
                0x0000000010008574       0xd4 /data/tinyai/maxCNN/sdk/Tools/SDK_install_root/Tools/GNUTools/10.3/bin/../lib/gcc/arm-none-eabi/10.3.1/../../../../arm-none-eabi/lib/thumb/v7e-m+fp/softfp/libc.a(lib_a-wsetup.o)
                0x0000000010008574                __swsetup_r
 .text.startup.register_fini
                0x0000000010008648       0x14 /data/tinyai/maxCNN/sdk/Tools/SDK_install_root/Tools/GNUTools/10.3/bin/../lib/gcc/arm-none-eabi/10.3.1/../../../../arm-none-eabi/lib/thumb/v7e-m+fp/softfp/libc.a(lib_a-__call_atexit.o)
 .text.atexit   0x000000001000865c        0xc /data/tinyai/maxCNN/sdk/Tools/SDK_install_root/Tools/GNUTools/10.3/bin/../lib/gcc/arm-none-eabi/10.3.1/../../../../arm-none-eabi/lib/thumb/v7e-m+fp/softfp/libc.a(lib_a-atexit.o)
                0x000000001000865c                atexit
 .text.quorem   0x0000000010008668      0x128 /data/tinyai/maxCNN/sdk/Tools/SDK_install_root/Tools/GNUTools/10.3/bin/../lib/gcc/arm-none-eabi/10.3.1/../../../../arm-none-eabi/lib/thumb/v7e-m+fp/softfp/libc.a(lib_a-dtoa.o)
 .text._dtoa_r  0x0000000010008790      0xf34 /data/tinyai/maxCNN/sdk/Tools/SDK_install_root/Tools/GNUTools/10.3/bin/../lib/gcc/arm-none-eabi/10.3.1/../../../../arm-none-eabi/lib/thumb/v7e-m+fp/softfp/libc.a(lib_a-dtoa.o)
                0x0000000010008790                _dtoa_r
 .text.__sflush_r
                0x00000000100096c4      0x130 /data/tinyai/maxCNN/sdk/Tools/SDK_install_root/Tools/GNUTools/10.3/bin/../lib/gcc/arm-none-eabi/10.3.1/../../../../arm-none-eabi/lib/thumb/v7e-m+fp/softfp/libc.a(lib_a-fflush.o)
                0x00000000100096c4                __sflush_r
 .text._fflush_r
                0x00000000100097f4       0x5c /data/tinyai/maxCNN/sdk/Tools/SDK_install_root/Tools/GNUTools/10.3/bin/../lib/gcc/arm-none-eabi/10.3.1/../../../../arm-none-eabi/lib/thumb/v7e-m+fp/softfp/libc.a(lib_a-fflush.o)
                0x00000000100097f4                _fflush_r
 .text._cleanup_r
                0x0000000010009850        0xc /data/tinyai/maxCNN/sdk/Tools/SDK_install_root/Tools/GNUTools/10.3/bin/../lib/gcc/arm-none-eabi/10.3.1/../../../../arm-none-eabi/lib/thumb/v7e-m+fp/softfp/libc.a(lib_a-findfp.o)
                0x0000000010009850                _cleanup_r
 .text.__sinit  0x000000001000985c      0x10c /data/tinyai/maxCNN/sdk/Tools/SDK_install_root/Tools/GNUTools/10.3/bin/../lib/gcc/arm-none-eabi/10.3.1/../../../../arm-none-eabi/lib/thumb/v7e-m+fp/softfp/libc.a(lib_a-findfp.o)
                0x000000001000985c                __sinit
 .text.__sfp_lock_acquire
                0x0000000010009968        0xc /data/tinyai/maxCNN/sdk/Tools/SDK_install_root/Tools/GNUTools/10.3/bin/../lib/gcc/arm-none-eabi/10.3.1/../../../../arm-none-eabi/lib/thumb/v7e-m+fp/softfp/libc.a(lib_a-findfp.o)
                0x0000000010009968                __sfp_lock_acquire
 .text.__sfp_lock_release
                0x0000000010009974        0xc /data/tinyai/maxCNN/sdk/Tools/SDK_install_root/Tools/GNUTools/10.3/bin/../lib/gcc/arm-none-eabi/10.3.1/../../../../arm-none-eabi/lib/thumb/v7e-m+fp/softfp/libc.a(lib_a-findfp.o)
                0x0000000010009974                __sfp_lock_release
 .text.__libc_fini_array
                0x0000000010009980       0x2c /data/tinyai/maxCNN/sdk/Tools/SDK_install_root/Tools/GNUTools/10.3/bin/../lib/gcc/arm-none-eabi/10.3.1/../../../../arm-none-eabi/lib/thumb/v7e-m+fp/softfp/libc.a(lib_a-fini.o)
                0x0000000010009980                __libc_fini_array
 .text._malloc_trim_r
                0x00000000100099ac       0xa0 /data/tinyai/maxCNN/sdk/Tools/SDK_install_root/Tools/GNUTools/10.3/bin/../lib/gcc/arm-none-eabi/10.3.1/../../../../arm-none-eabi/lib/thumb/v7e-m+fp/softfp/libc.a(lib_a-freer.o)
                0x00000000100099ac                _malloc_trim_r
 .text._free_r  0x0000000010009a4c      0x20c /data/tinyai/maxCNN/sdk/Tools/SDK_install_root/Tools/GNUTools/10.3/bin/../lib/gcc/arm-none-eabi/10.3.1/../../../../arm-none-eabi/lib/thumb/v7e-m+fp/softfp/libc.a(lib_a-freer.o)
                0x0000000010009a4c                _free_r
 .text.__sfvwrite_r
                0x0000000010009c58      0x2f0 /data/tinyai/maxCNN/sdk/Tools/SDK_install_root/Tools/GNUTools/10.3/bin/../lib/gcc/arm-none-eabi/10.3.1/../../../../arm-none-eabi/lib/thumb/v7e-m+fp/softfp/libc.a(lib_a-fvwrite.o)
                0x0000000010009c58                __sfvwrite_r
 .text._fwalk_reent
                0x0000000010009f48       0x48 /data/tinyai/maxCNN/sdk/Tools/SDK_install_root/Tools/GNUTools/10.3/bin/../lib/gcc/arm-none-eabi/10.3.1/../../../../arm-none-eabi/lib/thumb/v7e-m+fp/softfp/libc.a(lib_a-fwalk.o)
                0x0000000010009f48                _fwalk_reent
 .text._localeconv_r
                0x0000000010009f90        0x8 /data/tinyai/maxCNN/sdk/Tools/SDK_install_root/Tools/GNUTools/10.3/bin/../lib/gcc/arm-none-eabi/10.3.1/../../../../arm-none-eabi/lib/thumb/v7e-m+fp/softfp/libc.a(lib_a-localeconv.o)
                0x0000000010009f90                _localeconv_r
 .text.__retarget_lock_init_recursive
                0x0000000010009f98        0x4 /data/tinyai/maxCNN/sdk/Tools/SDK_install_root/Tools/GNUTools/10.3/bin/../lib/gcc/arm-none-eabi/10.3.1/../../../../arm-none-eabi/lib/thumb/v7e-m+fp/softfp/libc.a(lib_a-lock.o)
                0x0000000010009f98                __retarget_lock_init_recursive
 .text.__retarget_lock_close_recursive
                0x0000000010009f9c        0x4 /data/tinyai/maxCNN/sdk/Tools/SDK_install_root/Tools/GNUTools/10.3/bin/../lib/gcc/arm-none-eabi/10.3.1/../../../../arm-none-eabi/lib/thumb/v7e-m+fp/softfp/libc.a(lib_a-lock.o)
                0x0000000010009f9c                __retarget_lock_close_recursive
 .text.__retarget_lock_acquire_recursive
                0x0000000010009fa0        0x4 /data/tinyai/maxCNN/sdk/Tools/SDK_install_root/Tools/GNUTools/10.3/bin/../lib/gcc/arm-none-eabi/10.3.1/../../../../arm-none-eabi/lib/thumb/v7e-m+fp/softfp/libc.a(lib_a-lock.o)
                0x0000000010009fa0                __retarget_lock_acquire_recursive
 .text.__retarget_lock_release_recursive
                0x0000000010009fa4        0x4 /data/tinyai/maxCNN/sdk/Tools/SDK_install_root/Tools/GNUTools/10.3/bin/../lib/gcc/arm-none-eabi/10.3.1/../../../../arm-none-eabi/lib/thumb/v7e-m+fp/softfp/libc.a(lib_a-lock.o)
                0x0000000010009fa4                __retarget_lock_release_recursive
 .text.__smakebuf_r
                0x0000000010009fa8       0xe0 /data/tinyai/maxCNN/sdk/Tools/SDK_install_root/Tools/GNUTools/10.3/bin/../lib/gcc/arm-none-eabi/10.3.1/../../../../arm-none-eabi/lib/thumb/v7e-m+fp/softfp/libc.a(lib_a-makebuf.o)
                0x0000000010009fa8                __smakebuf_r
 *fill*         0x000000001000a088        0x8 
 .text          0x000000001000a090       0xa0 /data/tinyai/maxCNN/sdk/Tools/SDK_install_root/Tools/GNUTools/10.3/bin/../lib/gcc/arm-none-eabi/10.3.1/../../../../arm-none-eabi/lib/thumb/v7e-m+fp/softfp/libc.a(lib_a-memchr.o)
                0x000000001000a090                memchr
 .text.memmove  0x000000001000a130       0xf8 /data/tinyai/maxCNN/sdk/Tools/SDK_install_root/Tools/GNUTools/10.3/bin/../lib/gcc/arm-none-eabi/10.3.1/../../../../arm-none-eabi/lib/thumb/v7e-m+fp/softfp/libc.a(lib_a-memmove.o)
                0x000000001000a130                memmove
 .text._Balloc  0x000000001000a228       0x4c /data/tinyai/maxCNN/sdk/Tools/SDK_install_root/Tools/GNUTools/10.3/bin/../lib/gcc/arm-none-eabi/10.3.1/../../../../arm-none-eabi/lib/thumb/v7e-m+fp/softfp/libc.a(lib_a-mprec.o)
                0x000000001000a228                _Balloc
 .text._Bfree   0x000000001000a274       0x14 /data/tinyai/maxCNN/sdk/Tools/SDK_install_root/Tools/GNUTools/10.3/bin/../lib/gcc/arm-none-eabi/10.3.1/../../../../arm-none-eabi/lib/thumb/v7e-m+fp/softfp/libc.a(lib_a-mprec.o)
                0x000000001000a274                _Bfree
 .text.__multadd
                0x000000001000a288       0xa8 /data/tinyai/maxCNN/sdk/Tools/SDK_install_root/Tools/GNUTools/10.3/bin/../lib/gcc/arm-none-eabi/10.3.1/../../../../arm-none-eabi/lib/thumb/v7e-m+fp/softfp/libc.a(lib_a-mprec.o)
                0x000000001000a288                __multadd
 .text.__hi0bits
                0x000000001000a330       0x40 /data/tinyai/maxCNN/sdk/Tools/SDK_install_root/Tools/GNUTools/10.3/bin/../lib/gcc/arm-none-eabi/10.3.1/../../../../arm-none-eabi/lib/thumb/v7e-m+fp/softfp/libc.a(lib_a-mprec.o)
                0x000000001000a330                __hi0bits
 .text.__lo0bits
                0x000000001000a370       0x60 /data/tinyai/maxCNN/sdk/Tools/SDK_install_root/Tools/GNUTools/10.3/bin/../lib/gcc/arm-none-eabi/10.3.1/../../../../arm-none-eabi/lib/thumb/v7e-m+fp/softfp/libc.a(lib_a-mprec.o)
                0x000000001000a370                __lo0bits
 .text.__i2b    0x000000001000a3d0       0x5c /data/tinyai/maxCNN/sdk/Tools/SDK_install_root/Tools/GNUTools/10.3/bin/../lib/gcc/arm-none-eabi/10.3.1/../../../../arm-none-eabi/lib/thumb/v7e-m+fp/softfp/libc.a(lib_a-mprec.o)
                0x000000001000a3d0                __i2b
 .text.__multiply
                0x000000001000a42c      0x15c /data/tinyai/maxCNN/sdk/Tools/SDK_install_root/Tools/GNUTools/10.3/bin/../lib/gcc/arm-none-eabi/10.3.1/../../../../arm-none-eabi/lib/thumb/v7e-m+fp/softfp/libc.a(lib_a-mprec.o)
                0x000000001000a42c                __multiply
 .text.__pow5mult
                0x000000001000a588       0xc0 /data/tinyai/maxCNN/sdk/Tools/SDK_install_root/Tools/GNUTools/10.3/bin/../lib/gcc/arm-none-eabi/10.3.1/../../../../arm-none-eabi/lib/thumb/v7e-m+fp/softfp/libc.a(lib_a-mprec.o)
                0x000000001000a588                __pow5mult
 .text.__lshift
                0x000000001000a648       0xf0 /data/tinyai/maxCNN/sdk/Tools/SDK_install_root/Tools/GNUTools/10.3/bin/../lib/gcc/arm-none-eabi/10.3.1/../../../../arm-none-eabi/lib/thumb/v7e-m+fp/softfp/libc.a(lib_a-mprec.o)
                0x000000001000a648                __lshift
 .text.__mcmp   0x000000001000a738       0x44 /data/tinyai/maxCNN/sdk/Tools/SDK_install_root/Tools/GNUTools/10.3/bin/../lib/gcc/arm-none-eabi/10.3.1/../../../../arm-none-eabi/lib/thumb/v7e-m+fp/softfp/libc.a(lib_a-mprec.o)
                0x000000001000a738                __mcmp
 .text.__mdiff  0x000000001000a77c      0x14c /data/tinyai/maxCNN/sdk/Tools/SDK_install_root/Tools/GNUTools/10.3/bin/../lib/gcc/arm-none-eabi/10.3.1/../../../../arm-none-eabi/lib/thumb/v7e-m+fp/softfp/libc.a(lib_a-mprec.o)
                0x000000001000a77c                __mdiff
 .text.__d2b    0x000000001000a8c8       0xc4 /data/tinyai/maxCNN/sdk/Tools/SDK_install_root/Tools/GNUTools/10.3/bin/../lib/gcc/arm-none-eabi/10.3.1/../../../../arm-none-eabi/lib/thumb/v7e-m+fp/softfp/libc.a(lib_a-mprec.o)
                0x000000001000a8c8                __d2b
 .text._realloc_r
                0x000000001000a98c      0x3d8 /data/tinyai/maxCNN/sdk/Tools/SDK_install_root/Tools/GNUTools/10.3/bin/../lib/gcc/arm-none-eabi/10.3.1/../../../../arm-none-eabi/lib/thumb/v7e-m+fp/softfp/libc.a(lib_a-reallocr.o)
                0x000000001000a98c                _realloc_r
 .text.frexp    0x000000001000ad64       0x70 /data/tinyai/maxCNN/sdk/Tools/SDK_install_root/Tools/GNUTools/10.3/bin/../lib/gcc/arm-none-eabi/10.3.1/../../../../arm-none-eabi/lib/thumb/v7e-m+fp/softfp/libc.a(lib_a-s_frexp.o)
                0x000000001000ad64                frexp
 .text.__sread  0x000000001000add4       0x24 /data/tinyai/maxCNN/sdk/Tools/SDK_install_root/Tools/GNUTools/10.3/bin/../lib/gcc/arm-none-eabi/10.3.1/../../../../arm-none-eabi/lib/thumb/v7e-m+fp/softfp/libc.a(lib_a-stdio.o)
                0x000000001000add4                __sread
 .text.__swrite
                0x000000001000adf8       0x40 /data/tinyai/maxCNN/sdk/Tools/SDK_install_root/Tools/GNUTools/10.3/bin/../lib/gcc/arm-none-eabi/10.3.1/../../../../arm-none-eabi/lib/thumb/v7e-m+fp/softfp/libc.a(lib_a-stdio.o)
                0x000000001000adf8                __swrite
 .text.__sseek  0x000000001000ae38       0x20 /data/tinyai/maxCNN/sdk/Tools/SDK_install_root/Tools/GNUTools/10.3/bin/../lib/gcc/arm-none-eabi/10.3.1/../../../../arm-none-eabi/lib/thumb/v7e-m+fp/softfp/libc.a(lib_a-stdio.o)
                0x000000001000ae38                __sseek
 .text.__sclose
                0x000000001000ae58        0x8 /data/tinyai/maxCNN/sdk/Tools/SDK_install_root/Tools/GNUTools/10.3/bin/../lib/gcc/arm-none-eabi/10.3.1/../../../../arm-none-eabi/lib/thumb/v7e-m+fp/softfp/libc.a(lib_a-stdio.o)
                0x000000001000ae58                __sclose
 .text.strncpy  0x000000001000ae60       0x64 /data/tinyai/maxCNN/sdk/Tools/SDK_install_root/Tools/GNUTools/10.3/bin/../lib/gcc/arm-none-eabi/10.3.1/../../../../arm-none-eabi/lib/thumb/v7e-m+fp/softfp/libc.a(lib_a-strncpy.o)
                0x000000001000ae60                strncpy
 .text.__ssprint_r
                0x000000001000aec4       0xf8 /data/tinyai/maxCNN/sdk/Tools/SDK_install_root/Tools/GNUTools/10.3/bin/../lib/gcc/arm-none-eabi/10.3.1/../../../../arm-none-eabi/lib/thumb/v7e-m+fp/softfp/libc.a(lib_a-svfiprintf.o)
                0x000000001000aec4                __ssprint_r
 .text.__sprint_r.part.0
                0x000000001000afbc       0x78 /data/tinyai/maxCNN/sdk/Tools/SDK_install_root/Tools/GNUTools/10.3/bin/../lib/gcc/arm-none-eabi/10.3.1/../../../../arm-none-eabi/lib/thumb/v7e-m+fp/softfp/libc.a(lib_a-vfiprintf.o)
 .text.__sprint_r
                0x000000001000b034       0x18 /data/tinyai/maxCNN/sdk/Tools/SDK_install_root/Tools/GNUTools/10.3/bin/../lib/gcc/arm-none-eabi/10.3.1/../../../../arm-none-eabi/lib/thumb/v7e-m+fp/softfp/libc.a(lib_a-vfiprintf.o)
                0x000000001000b034                __sprint_r
 .text._vfiprintf_r
                0x000000001000b04c      0xdfc /data/tinyai/maxCNN/sdk/Tools/SDK_install_root/Tools/GNUTools/10.3/bin/../lib/gcc/arm-none-eabi/10.3.1/../../../../arm-none-eabi/lib/thumb/v7e-m+fp/softfp/libc.a(lib_a-vfiprintf.o)
                0x000000001000b04c                _vfiprintf_r
 .text.__sbprintf
                0x000000001000be48       0x80 /data/tinyai/maxCNN/sdk/Tools/SDK_install_root/Tools/GNUTools/10.3/bin/../lib/gcc/arm-none-eabi/10.3.1/../../../../arm-none-eabi/lib/thumb/v7e-m+fp/softfp/libc.a(lib_a-vfiprintf.o)
 .text._write_r
                0x000000001000bec8       0x2c /data/tinyai/maxCNN/sdk/Tools/SDK_install_root/Tools/GNUTools/10.3/bin/../lib/gcc/arm-none-eabi/10.3.1/../../../../arm-none-eabi/lib/thumb/v7e-m+fp/softfp/libc.a(lib_a-writer.o)
                0x000000001000bec8                _write_r
 .text.__register_exitproc
                0x000000001000bef4       0x8c /data/tinyai/maxCNN/sdk/Tools/SDK_install_root/Tools/GNUTools/10.3/bin/../lib/gcc/arm-none-eabi/10.3.1/../../../../arm-none-eabi/lib/thumb/v7e-m+fp/softfp/libc.a(lib_a-__atexit.o)
                0x000000001000bef4                __register_exitproc
 .text.__assert_func
                0x000000001000bf80       0x40 /data/tinyai/maxCNN/sdk/Tools/SDK_install_root/Tools/GNUTools/10.3/bin/../lib/gcc/arm-none-eabi/10.3.1/../../../../arm-none-eabi/lib/thumb/v7e-m+fp/softfp/libc.a(lib_a-assert.o)
                0x000000001000bf80                __assert_func
 .text._calloc_r
                0x000000001000bfc0       0x78 /data/tinyai/maxCNN/sdk/Tools/SDK_install_root/Tools/GNUTools/10.3/bin/../lib/gcc/arm-none-eabi/10.3.1/../../../../arm-none-eabi/lib/thumb/v7e-m+fp/softfp/libc.a(lib_a-callocr.o)
                0x000000001000bfc0                _calloc_r
 .text._close_r
                0x000000001000c038       0x24 /data/tinyai/maxCNN/sdk/Tools/SDK_install_root/Tools/GNUTools/10.3/bin/../lib/gcc/arm-none-eabi/10.3.1/../../../../arm-none-eabi/lib/thumb/v7e-m+fp/softfp/libc.a(lib_a-closer.o)
                0x000000001000c038                _close_r
 .text._fclose_r
                0x000000001000c05c       0xcc /data/tinyai/maxCNN/sdk/Tools/SDK_install_root/Tools/GNUTools/10.3/bin/../lib/gcc/arm-none-eabi/10.3.1/../../../../arm-none-eabi/lib/thumb/v7e-m+fp/softfp/libc.a(lib_a-fclose.o)
                0x000000001000c05c                _fclose_r
 .text.fiprintf
                0x000000001000c128       0x28 /data/tinyai/maxCNN/sdk/Tools/SDK_install_root/Tools/GNUTools/10.3/bin/../lib/gcc/arm-none-eabi/10.3.1/../../../../arm-none-eabi/lib/thumb/v7e-m+fp/softfp/libc.a(lib_a-fiprintf.o)
                0x000000001000c128                fiprintf
 .text.__fputwc
                0x000000001000c150       0xa8 /data/tinyai/maxCNN/sdk/Tools/SDK_install_root/Tools/GNUTools/10.3/bin/../lib/gcc/arm-none-eabi/10.3.1/../../../../arm-none-eabi/lib/thumb/v7e-m+fp/softfp/libc.a(lib_a-fputwc.o)
                0x000000001000c150                __fputwc
 .text._fputwc_r
                0x000000001000c1f8       0x68 /data/tinyai/maxCNN/sdk/Tools/SDK_install_root/Tools/GNUTools/10.3/bin/../lib/gcc/arm-none-eabi/10.3.1/../../../../arm-none-eabi/lib/thumb/v7e-m+fp/softfp/libc.a(lib_a-fputwc.o)
                0x000000001000c1f8                _fputwc_r
 .text._fstat_r
                0x000000001000c260       0x2c /data/tinyai/maxCNN/sdk/Tools/SDK_install_root/Tools/GNUTools/10.3/bin/../lib/gcc/arm-none-eabi/10.3.1/../../../../arm-none-eabi/lib/thumb/v7e-m+fp/softfp/libc.a(lib_a-fstatr.o)
                0x000000001000c260                _fstat_r
 .text._isatty_r
                0x000000001000c28c       0x24 /data/tinyai/maxCNN/sdk/Tools/SDK_install_root/Tools/GNUTools/10.3/bin/../lib/gcc/arm-none-eabi/10.3.1/../../../../arm-none-eabi/lib/thumb/v7e-m+fp/softfp/libc.a(lib_a-isattyr.o)
                0x000000001000c28c                _isatty_r
 .text.__locale_mb_cur_max
                0x000000001000c2b0        0xc /data/tinyai/maxCNN/sdk/Tools/SDK_install_root/Tools/GNUTools/10.3/bin/../lib/gcc/arm-none-eabi/10.3.1/../../../../arm-none-eabi/lib/thumb/v7e-m+fp/softfp/libc.a(lib_a-locale.o)
                0x000000001000c2b0                __locale_mb_cur_max
 .text._lseek_r
                0x000000001000c2bc       0x2c /data/tinyai/maxCNN/sdk/Tools/SDK_install_root/Tools/GNUTools/10.3/bin/../lib/gcc/arm-none-eabi/10.3.1/../../../../arm-none-eabi/lib/thumb/v7e-m+fp/softfp/libc.a(lib_a-lseekr.o)
                0x000000001000c2bc                _lseek_r
 .text.__ascii_mbtowc
                0x000000001000c2e8       0x2c /data/tinyai/maxCNN/sdk/Tools/SDK_install_root/Tools/GNUTools/10.3/bin/../lib/gcc/arm-none-eabi/10.3.1/../../../../arm-none-eabi/lib/thumb/v7e-m+fp/softfp/libc.a(lib_a-mbtowc_r.o)
                0x000000001000c2e8                __ascii_mbtowc
 .text._read_r  0x000000001000c314       0x2c /data/tinyai/maxCNN/sdk/Tools/SDK_install_root/Tools/GNUTools/10.3/bin/../lib/gcc/arm-none-eabi/10.3.1/../../../../arm-none-eabi/lib/thumb/v7e-m+fp/softfp/libc.a(lib_a-readr.o)
                0x000000001000c314                _read_r
 .text.__swbuf_r
                0x000000001000c340       0xb0 /data/tinyai/maxCNN/sdk/Tools/SDK_install_root/Tools/GNUTools/10.3/bin/../lib/gcc/arm-none-eabi/10.3.1/../../../../arm-none-eabi/lib/thumb/v7e-m+fp/softfp/libc.a(lib_a-wbuf.o)
                0x000000001000c340                __swbuf_r
 .text._wcrtomb_r
                0x000000001000c3f0       0x3c /data/tinyai/maxCNN/sdk/Tools/SDK_install_root/Tools/GNUTools/10.3/bin/../lib/gcc/arm-none-eabi/10.3.1/../../../../arm-none-eabi/lib/thumb/v7e-m+fp/softfp/libc.a(lib_a-wcrtomb.o)
                0x000000001000c3f0                _wcrtomb_r
 .text.__ascii_wctomb
                0x000000001000c42c       0x1c /data/tinyai/maxCNN/sdk/Tools/SDK_install_root/Tools/GNUTools/10.3/bin/../lib/gcc/arm-none-eabi/10.3.1/../../../../arm-none-eabi/lib/thumb/v7e-m+fp/softfp/libc.a(lib_a-wctomb_r.o)
                0x000000001000c42c                __ascii_wctomb
 .text.abort    0x000000001000c448       0x10 /data/tinyai/maxCNN/sdk/Tools/SDK_install_root/Tools/GNUTools/10.3/bin/../lib/gcc/arm-none-eabi/10.3.1/../../../../arm-none-eabi/lib/thumb/v7e-m+fp/softfp/libc.a(lib_a-abort.o)
                0x000000001000c448                abort
 .text.raise    0x000000001000c458       0x5c /data/tinyai/maxCNN/sdk/Tools/SDK_install_root/Tools/GNUTools/10.3/bin/../lib/gcc/arm-none-eabi/10.3.1/../../../../arm-none-eabi/lib/thumb/v7e-m+fp/softfp/libc.a(lib_a-signal.o)
                0x000000001000c458                raise
 .text._kill_r  0x000000001000c4b4       0x2c /data/tinyai/maxCNN/sdk/Tools/SDK_install_root/Tools/GNUTools/10.3/bin/../lib/gcc/arm-none-eabi/10.3.1/../../../../arm-none-eabi/lib/thumb/v7e-m+fp/softfp/libc.a(lib_a-signalr.o)
                0x000000001000c4b4                _kill_r
 .text._getpid_r
                0x000000001000c4e0        0x4 /data/tinyai/maxCNN/sdk/Tools/SDK_install_root/Tools/GNUTools/10.3/bin/../lib/gcc/arm-none-eabi/10.3.1/../../../../arm-none-eabi/lib/thumb/v7e-m+fp/softfp/libc.a(lib_a-signalr.o)
                0x000000001000c4e0                _getpid_r
 .text._exit    0x000000001000c4e4        0x4 /data/tinyai/maxCNN/sdk/Tools/SDK_install_root/Tools/GNUTools/10.3/bin/../lib/gcc/arm-none-eabi/10.3.1/../../../../arm-none-eabi/lib/thumb/v7e-m+fp/softfp/libnosys.a(_exit.o)
                0x000000001000c4e4                _exit
 .text          0x000000001000c4e8      0x378 /data/tinyai/maxCNN/sdk/Tools/SDK_install_root/Tools/GNUTools/10.3/bin/../lib/gcc/arm-none-eabi/10.3.1/thumb/v7e-m+fp/softfp/libgcc.a(_arm_addsubdf3.o)
                0x000000001000c4e8                __aeabi_drsub
                0x000000001000c4f0                __aeabi_dsub
                0x000000001000c4f0                __subdf3
                0x000000001000c4f4                __adddf3
                0x000000001000c4f4                __aeabi_dadd
                0x000000001000c76c                __aeabi_ui2d
                0x000000001000c76c                __floatunsidf
                0x000000001000c78c                __floatsidf
                0x000000001000c78c                __aeabi_i2d
                0x000000001000c7b0                __extendsfdf2
                0x000000001000c7b0                __aeabi_f2d
                0x000000001000c7f4                __aeabi_ul2d
                0x000000001000c7f4                __floatundidf
                0x000000001000c804                __floatdidf
                0x000000001000c804                __aeabi_l2d
 .text          0x000000001000c860      0x424 /data/tinyai/maxCNN/sdk/Tools/SDK_install_root/Tools/GNUTools/10.3/bin/../lib/gcc/arm-none-eabi/10.3.1/thumb/v7e-m+fp/softfp/libgcc.a(_arm_muldivdf3.o)
                0x000000001000c860                __aeabi_dmul
                0x000000001000c860                __muldf3
                0x000000001000cab4                __aeabi_ddiv
                0x000000001000cab4                __divdf3
 .text          0x000000001000cc84      0x110 /data/tinyai/maxCNN/sdk/Tools/SDK_install_root/Tools/GNUTools/10.3/bin/../lib/gcc/arm-none-eabi/10.3.1/thumb/v7e-m+fp/softfp/libgcc.a(_arm_cmpdf2.o)
                0x000000001000cc84                __gtdf2
                0x000000001000cc84                __gedf2
                0x000000001000cc8c                __ltdf2
                0x000000001000cc8c                __ledf2
                0x000000001000cc94                __cmpdf2
                0x000000001000cc94                __eqdf2
                0x000000001000cc94                __nedf2
                0x000000001000cd10                __aeabi_cdrcmple
                0x000000001000cd20                __aeabi_cdcmple
                0x000000001000cd20                __aeabi_cdcmpeq
                0x000000001000cd30                __aeabi_dcmpeq
                0x000000001000cd44                __aeabi_dcmplt
                0x000000001000cd58                __aeabi_dcmple
                0x000000001000cd6c                __aeabi_dcmpge
                0x000000001000cd80                __aeabi_dcmpgt
 .text          0x000000001000cd94       0x2c /data/tinyai/maxCNN/sdk/Tools/SDK_install_root/Tools/GNUTools/10.3/bin/../lib/gcc/arm-none-eabi/10.3.1/thumb/v7e-m+fp/softfp/libgcc.a(_arm_unorddf2.o)
                0x000000001000cd94                __aeabi_dcmpun
                0x000000001000cd94                __unorddf2
 .text          0x000000001000cdc0       0x50 /data/tinyai/maxCNN/sdk/Tools/SDK_install_root/Tools/GNUTools/10.3/bin/../lib/gcc/arm-none-eabi/10.3.1/thumb/v7e-m+fp/softfp/libgcc.a(_arm_fixdfsi.o)
                0x000000001000cdc0                __fixdfsi
                0x000000001000cdc0                __aeabi_d2iz
 .text          0x000000001000ce10       0x30 /data/tinyai/maxCNN/sdk/Tools/SDK_install_root/Tools/GNUTools/10.3/bin/../lib/gcc/arm-none-eabi/10.3.1/thumb/v7e-m+fp/softfp/libgcc.a(_aeabi_uldivmod.o)
                0x000000001000ce10                __aeabi_uldivmod
 .text          0x000000001000ce40      0x2d0 /data/tinyai/maxCNN/sdk/Tools/SDK_install_root/Tools/GNUTools/10.3/bin/../lib/gcc/arm-none-eabi/10.3.1/thumb/v7e-m+fp/softfp/libgcc.a(_udivmoddi4.o)
                0x000000001000ce40                __udivmoddi4
 .text          0x000000001000d110        0x4 /data/tinyai/maxCNN/sdk/Tools/SDK_install_root/Tools/GNUTools/10.3/bin/../lib/gcc/arm-none-eabi/10.3.1/thumb/v7e-m+fp/softfp/libgcc.a(_dvmd_tls.o)
                0x000000001000d110                __aeabi_ldiv0
                0x000000001000d110                __aeabi_idiv0
 *(.rodata*)
 .rodata.bias_0
                0x000000001000d114       0xe0 /data/tinyai/maxCNN/test2_unet/demo/ai85-unet/build/cnn.o
 .rodata.bias_1
                0x000000001000d1f4       0xe0 /data/tinyai/maxCNN/test2_unet/demo/ai85-unet/build/cnn.o
 .rodata.bias_2
                0x000000001000d2d4       0xf0 /data/tinyai/maxCNN/test2_unet/demo/ai85-unet/build/cnn.o
 .rodata.bias_3
                0x000000001000d3c4       0xdc /data/tinyai/maxCNN/test2_unet/demo/ai85-unet/build/cnn.o
 .rodata.kernels
                0x000000001000d4a0    0x45f44 /data/tinyai/maxCNN/test2_unet/demo/ai85-unet/build/cnn.o
 .rodata.load_input.str1.4
                0x00000000100533e4       0x3f /data/tinyai/maxCNN/test2_unet/demo/ai85-unet/build/main.o
 *fill*         0x0000000010053423        0x1 
 .rodata.main.str1.4
                0x0000000010053424      0x218 /data/tinyai/maxCNN/test2_unet/demo/ai85-unet/build/main.o
 .rodata.mxc_assert.str1.4
                0x000000001005363c       0x19 /data/tinyai/maxCNN/test2_unet/demo/ai85-unet/build/board.o
 *fill*         0x0000000010053655        0x3 
 .rodata.Board_Init.str1.4
                0x0000000010053658       0x51 /data/tinyai/maxCNN/test2_unet/demo/ai85-unet/build/board.o
 *fill*         0x00000000100536a9        0x3 
 .rodata        0x00000000100536ac       0x54 /data/tinyai/maxCNN/test2_unet/demo/ai85-unet/build/board.o
 .rodata.led_pin
                0x0000000010053700       0x18 /data/tinyai/maxCNN/test2_unet/demo/ai85-unet/build/board.o
                0x0000000010053700                led_pin
 .rodata.num_leds
                0x0000000010053718        0x4 /data/tinyai/maxCNN/test2_unet/demo/ai85-unet/build/board.o
                0x0000000010053718                num_leds
 .rodata.num_pbs
                0x000000001005371c        0x4 /data/tinyai/maxCNN/test2_unet/demo/ai85-unet/build/board.o
                0x000000001005371c                num_pbs
 .rodata.pb_pin
                0x0000000010053720       0x18 /data/tinyai/maxCNN/test2_unet/demo/ai85-unet/build/board.o
                0x0000000010053720                pb_pin
 .rodata.LED_On.str1.4
                0x0000000010053738       0x4b /data/tinyai/maxCNN/test2_unet/demo/ai85-unet/build/led.o
 *fill*         0x0000000010053783        0x1 
 .rodata.camera_init.str1.4
                0x0000000010053784       0x1e /data/tinyai/maxCNN/test2_unet/demo/ai85-unet/build/camera.o
 *fill*         0x00000000100537a2        0x2 
 .rodata.camera_setup.str1.4
                0x00000000100537a4       0x1b /data/tinyai/maxCNN/test2_unet/demo/ai85-unet/build/camera.o
 *fill*         0x00000000100537bf        0x1 
 .rodata.dump_registers.str1.4
                0x00000000100537c0       0x12 /data/tinyai/maxCNN/test2_unet/demo/ai85-unet/build/hm01b0.o
 *fill*         0x00000000100537d2        0x2 
 .rodata.default_regs
                0x00000000100537d4      0x144 /data/tinyai/maxCNN/test2_unet/demo/ai85-unet/build/hm01b0.o
 .rodata.gpio_cfg_scl
                0x0000000010053918        0xc /data/tinyai/maxCNN/test2_unet/demo/ai85-unet/build/sccb.o
 .rodata.gpio_cfg_sda
                0x0000000010053924        0xc /data/tinyai/maxCNN/test2_unet/demo/ai85-unet/build/sccb.o
 .rodata.gpio_cfg_extclk
                0x0000000010053930        0xc /data/tinyai/maxCNN/sdk/Libraries/PeriphDrivers/bin/MAX78000/spi-v1_softfp/libPeriphDriver_spi-v1_softfp.a(pins_ai85.o)
                0x0000000010053930                gpio_cfg_extclk
 .rodata.gpio_cfg_pcif_P0_BITS_0_7
                0x000000001005393c        0xc /data/tinyai/maxCNN/sdk/Libraries/PeriphDrivers/bin/MAX78000/spi-v1_softfp/libPeriphDriver_spi-v1_softfp.a(pins_ai85.o)
                0x000000001005393c                gpio_cfg_pcif_P0_BITS_0_7
 .rodata.gpio_cfg_pcif_P0_BITS_8_9
                0x0000000010053948        0xc /data/tinyai/maxCNN/sdk/Libraries/PeriphDrivers/bin/MAX78000/spi-v1_softfp/libPeriphDriver_spi-v1_softfp.a(pins_ai85.o)
                0x0000000010053948                gpio_cfg_pcif_P0_BITS_8_9
 .rodata.gpio_cfg_pcif_P1_BITS_10_11
                0x0000000010053954        0xc /data/tinyai/maxCNN/sdk/Libraries/PeriphDrivers/bin/MAX78000/spi-v1_softfp/libPeriphDriver_spi-v1_softfp.a(pins_ai85.o)
                0x0000000010053954                gpio_cfg_pcif_P1_BITS_10_11
 .rodata.gpio_cfg_pcif_hsync
                0x0000000010053960        0xc /data/tinyai/maxCNN/sdk/Libraries/PeriphDrivers/bin/MAX78000/spi-v1_softfp/libPeriphDriver_spi-v1_softfp.a(pins_ai85.o)
                0x0000000010053960                gpio_cfg_pcif_hsync
 .rodata.gpio_cfg_pcif_vsync
                0x000000001005396c        0xc /data/tinyai/maxCNN/sdk/Libraries/PeriphDrivers/bin/MAX78000/spi-v1_softfp/libPeriphDriver_spi-v1_softfp.a(pins_ai85.o)
                0x000000001005396c                gpio_cfg_pcif_vsync
 .rodata.gpio_cfg_pcif_xclk
                0x0000000010053978        0xc /data/tinyai/maxCNN/sdk/Libraries/PeriphDrivers/bin/MAX78000/spi-v1_softfp/libPeriphDriver_spi-v1_softfp.a(pins_ai85.o)
                0x0000000010053978                gpio_cfg_pcif_xclk
 .rodata.gpio_cfg_pt0
                0x0000000010053984        0xc /data/tinyai/maxCNN/sdk/Libraries/PeriphDrivers/bin/MAX78000/spi-v1_softfp/libPeriphDriver_spi-v1_softfp.a(pins_ai85.o)
                0x0000000010053984                gpio_cfg_pt0
 .rodata.gpio_cfg_pt1
                0x0000000010053990        0xc /data/tinyai/maxCNN/sdk/Libraries/PeriphDrivers/bin/MAX78000/spi-v1_softfp/libPeriphDriver_spi-v1_softfp.a(pins_ai85.o)
                0x0000000010053990                gpio_cfg_pt1
 .rodata.gpio_cfg_pt2
                0x000000001005399c        0xc /data/tinyai/maxCNN/sdk/Libraries/PeriphDrivers/bin/MAX78000/spi-v1_softfp/libPeriphDriver_spi-v1_softfp.a(pins_ai85.o)
                0x000000001005399c                gpio_cfg_pt2
 .rodata.gpio_cfg_pt3
                0x00000000100539a8        0xc /data/tinyai/maxCNN/sdk/Libraries/PeriphDrivers/bin/MAX78000/spi-v1_softfp/libPeriphDriver_spi-v1_softfp.a(pins_ai85.o)
                0x00000000100539a8                gpio_cfg_pt3
 .rodata.gpio_cfg_uart0
                0x00000000100539b4        0xc /data/tinyai/maxCNN/sdk/Libraries/PeriphDrivers/bin/MAX78000/spi-v1_softfp/libPeriphDriver_spi-v1_softfp.a(pins_ai85.o)
                0x00000000100539b4                gpio_cfg_uart0
 .rodata.gpio_cfg_uart1
                0x00000000100539c0        0xc /data/tinyai/maxCNN/sdk/Libraries/PeriphDrivers/bin/MAX78000/spi-v1_softfp/libPeriphDriver_spi-v1_softfp.a(pins_ai85.o)
                0x00000000100539c0                gpio_cfg_uart1
 .rodata.gpio_cfg_uart2
                0x00000000100539cc        0xc /data/tinyai/maxCNN/sdk/Libraries/PeriphDrivers/bin/MAX78000/spi-v1_softfp/libPeriphDriver_spi-v1_softfp.a(pins_ai85.o)
                0x00000000100539cc                gpio_cfg_uart2
 .rodata.gpio_cfg_uart3
                0x00000000100539d8        0xc /data/tinyai/maxCNN/sdk/Libraries/PeriphDrivers/bin/MAX78000/spi-v1_softfp/libPeriphDriver_spi-v1_softfp.a(pins_ai85.o)
                0x00000000100539d8                gpio_cfg_uart3
 .rodata.MXC_DMA_RevA_Init.str1.4
                0x00000000100539e4       0x5d /data/tinyai/maxCNN/sdk/Libraries/PeriphDrivers/bin/MAX78000/spi-v1_softfp/libPeriphDriver_spi-v1_softfp.a(dma_reva.o)
 *fill*         0x0000000010053a41        0x3 
 .rodata.MXC_PT_Init.str1.4
                0x0000000010053a44       0x61 /data/tinyai/maxCNN/sdk/Libraries/PeriphDrivers/bin/MAX78000/spi-v1_softfp/libPeriphDriver_spi-v1_softfp.a(pt_ai85.o)
 *fill*         0x0000000010053aa5        0x3 
 .rodata.MXC_PT_RevA_Config.str1.4
                0x0000000010053aa8       0x5d /data/tinyai/maxCNN/sdk/Libraries/PeriphDrivers/bin/MAX78000/spi-v1_softfp/libPeriphDriver_spi-v1_softfp.a(pt_reva.o)
 *fill*         0x0000000010053b05        0x3 
 .rodata.MXC_UART_RevB_Init.str1.4
                0x0000000010053b08       0x83 /data/tinyai/maxCNN/sdk/Libraries/PeriphDrivers/bin/MAX78000/spi-v1_softfp/libPeriphDriver_spi-v1_softfp.a(uart_revb.o)
 *fill*         0x0000000010053b8b        0x1 
 .rodata.MXC_GPIO_Common_Handler.str1.4
                0x0000000010053b8c       0x72 /data/tinyai/maxCNN/sdk/Libraries/PeriphDrivers/bin/MAX78000/spi-v1_softfp/libPeriphDriver_spi-v1_softfp.a(gpio_common.o)
 *fill*         0x0000000010053bfe        0x2 
 .rodata._global_impure_ptr
                0x0000000010053c00        0x4 /data/tinyai/maxCNN/sdk/Tools/SDK_install_root/Tools/GNUTools/10.3/bin/../lib/gcc/arm-none-eabi/10.3.1/../../../../arm-none-eabi/lib/thumb/v7e-m+fp/softfp/libc.a(lib_a-impure.o)
                0x0000000010053c00                _global_impure_ptr
 .rodata._puts_r.str1.4
                0x0000000010053c04       0x72 /data/tinyai/maxCNN/sdk/Tools/SDK_install_root/Tools/GNUTools/10.3/bin/../lib/gcc/arm-none-eabi/10.3.1/../../../../arm-none-eabi/lib/thumb/v7e-m+fp/softfp/libc.a(lib_a-puts.o)
                                          0x2 (size before relaxing)
 .rodata._svfprintf_r.str1.4
                0x0000000010053c04       0x42 /data/tinyai/maxCNN/sdk/Tools/SDK_install_root/Tools/GNUTools/10.3/bin/../lib/gcc/arm-none-eabi/10.3.1/../../../../arm-none-eabi/lib/thumb/v7e-m+fp/softfp/libc.a(lib_a-svfprintf.o)
 *fill*         0x0000000010053c46        0x2 
 .rodata.blanks.1
                0x0000000010053c48       0x10 /data/tinyai/maxCNN/sdk/Tools/SDK_install_root/Tools/GNUTools/10.3/bin/../lib/gcc/arm-none-eabi/10.3.1/../../../../arm-none-eabi/lib/thumb/v7e-m+fp/softfp/libc.a(lib_a-svfprintf.o)
 .rodata.zeroes.0
                0x0000000010053c58       0x10 /data/tinyai/maxCNN/sdk/Tools/SDK_install_root/Tools/GNUTools/10.3/bin/../lib/gcc/arm-none-eabi/10.3.1/../../../../arm-none-eabi/lib/thumb/v7e-m+fp/softfp/libc.a(lib_a-svfprintf.o)
 .rodata._vfprintf_r.str1.4
                0x0000000010053c68       0x42 /data/tinyai/maxCNN/sdk/Tools/SDK_install_root/Tools/GNUTools/10.3/bin/../lib/gcc/arm-none-eabi/10.3.1/../../../../arm-none-eabi/lib/thumb/v7e-m+fp/softfp/libc.a(lib_a-vfprintf.o)
 .rodata.blanks.1
                0x0000000010053c68       0x10 /data/tinyai/maxCNN/sdk/Tools/SDK_install_root/Tools/GNUTools/10.3/bin/../lib/gcc/arm-none-eabi/10.3.1/../../../../arm-none-eabi/lib/thumb/v7e-m+fp/softfp/libc.a(lib_a-vfprintf.o)
 .rodata.zeroes.0
                0x0000000010053c78       0x10 /data/tinyai/maxCNN/sdk/Tools/SDK_install_root/Tools/GNUTools/10.3/bin/../lib/gcc/arm-none-eabi/10.3.1/../../../../arm-none-eabi/lib/thumb/v7e-m+fp/softfp/libc.a(lib_a-vfprintf.o)
 .rodata._dtoa_r.str1.4
                0x0000000010053c88       0xa2 /data/tinyai/maxCNN/sdk/Tools/SDK_install_root/Tools/GNUTools/10.3/bin/../lib/gcc/arm-none-eabi/10.3.1/../../../../arm-none-eabi/lib/thumb/v7e-m+fp/softfp/libc.a(lib_a-dtoa.o)
                                         0xa6 (size before relaxing)
 *fill*         0x0000000010053d2a        0x2 
 .rodata.__multadd.str1.4
                0x0000000010053d2c       0x7f /data/tinyai/maxCNN/sdk/Tools/SDK_install_root/Tools/GNUTools/10.3/bin/../lib/gcc/arm-none-eabi/10.3.1/../../../../arm-none-eabi/lib/thumb/v7e-m+fp/softfp/libc.a(lib_a-mprec.o)
                                         0x93 (size before relaxing)
 *fill*         0x0000000010053dab        0x5 
 .rodata.__mprec_bigtens
                0x0000000010053db0       0x28 /data/tinyai/maxCNN/sdk/Tools/SDK_install_root/Tools/GNUTools/10.3/bin/../lib/gcc/arm-none-eabi/10.3.1/../../../../arm-none-eabi/lib/thumb/v7e-m+fp/softfp/libc.a(lib_a-mprec.o)
                0x0000000010053db0                __mprec_bigtens
 .rodata.__mprec_tens
                0x0000000010053dd8       0xc8 /data/tinyai/maxCNN/sdk/Tools/SDK_install_root/Tools/GNUTools/10.3/bin/../lib/gcc/arm-none-eabi/10.3.1/../../../../arm-none-eabi/lib/thumb/v7e-m+fp/softfp/libc.a(lib_a-mprec.o)
                0x0000000010053dd8                __mprec_tens
 .rodata.p05.0  0x0000000010053ea0        0xc /data/tinyai/maxCNN/sdk/Tools/SDK_install_root/Tools/GNUTools/10.3/bin/../lib/gcc/arm-none-eabi/10.3.1/../../../../arm-none-eabi/lib/thumb/v7e-m+fp/softfp/libc.a(lib_a-mprec.o)
 .rodata._vfiprintf_r.str1.4
                0x0000000010053eac       0x2f /data/tinyai/maxCNN/sdk/Tools/SDK_install_root/Tools/GNUTools/10.3/bin/../lib/gcc/arm-none-eabi/10.3.1/../../../../arm-none-eabi/lib/thumb/v7e-m+fp/softfp/libc.a(lib_a-vfiprintf.o)
 .rodata.blanks.1
                0x0000000010053eac       0x10 /data/tinyai/maxCNN/sdk/Tools/SDK_install_root/Tools/GNUTools/10.3/bin/../lib/gcc/arm-none-eabi/10.3.1/../../../../arm-none-eabi/lib/thumb/v7e-m+fp/softfp/libc.a(lib_a-vfiprintf.o)
 .rodata.zeroes.0
                0x0000000010053ebc       0x10 /data/tinyai/maxCNN/sdk/Tools/SDK_install_root/Tools/GNUTools/10.3/bin/../lib/gcc/arm-none-eabi/10.3.1/../../../../arm-none-eabi/lib/thumb/v7e-m+fp/softfp/libc.a(lib_a-vfiprintf.o)
 .rodata.__assert_func.str1.4
                0x0000000010053ecc       0x3f /data/tinyai/maxCNN/sdk/Tools/SDK_install_root/Tools/GNUTools/10.3/bin/../lib/gcc/arm-none-eabi/10.3.1/../../../../arm-none-eabi/lib/thumb/v7e-m+fp/softfp/libc.a(lib_a-assert.o)
                                         0x43 (size before relaxing)
 *fill*         0x0000000010053f0b        0x1 
 .rodata._setlocale_r.str1.4
                0x0000000010053f0c        0xa /data/tinyai/maxCNN/sdk/Tools/SDK_install_root/Tools/GNUTools/10.3/bin/../lib/gcc/arm-none-eabi/10.3.1/../../../../arm-none-eabi/lib/thumb/v7e-m+fp/softfp/libc.a(lib_a-locale.o)
                                          0xd (size before relaxing)
 .rodata.str1.4
                0x0000000010053f16        0xa /data/tinyai/maxCNN/sdk/Tools/SDK_install_root/Tools/GNUTools/10.3/bin/../lib/gcc/arm-none-eabi/10.3.1/../../../../arm-none-eabi/lib/thumb/v7e-m+fp/softfp/libc.a(lib_a-locale.o)
                                          0x2 (size before relaxing)
 *fill*         0x0000000010053f16        0x2 
 .rodata._ctype_
                0x0000000010053f18      0x101 /data/tinyai/maxCNN/sdk/Tools/SDK_install_root/Tools/GNUTools/10.3/bin/../lib/gcc/arm-none-eabi/10.3.1/../../../../arm-none-eabi/lib/thumb/v7e-m+fp/softfp/libc.a(lib_a-ctype_.o)
                0x0000000010053f18                _ctype_
 *(.init)
 *fill*         0x0000000010054019        0x3 
 .init          0x000000001005401c        0x4 /data/tinyai/maxCNN/sdk/Tools/SDK_install_root/Tools/GNUTools/10.3/bin/../lib/gcc/arm-none-eabi/10.3.1/thumb/v7e-m+fp/softfp/crti.o
                0x000000001005401c                _init
 .init          0x0000000010054020        0x8 /data/tinyai/maxCNN/sdk/Tools/SDK_install_root/Tools/GNUTools/10.3/bin/../lib/gcc/arm-none-eabi/10.3.1/thumb/v7e-m+fp/softfp/crtn.o
 *(.fini)
 .fini          0x0000000010054028        0x4 /data/tinyai/maxCNN/sdk/Tools/SDK_install_root/Tools/GNUTools/10.3/bin/../lib/gcc/arm-none-eabi/10.3.1/thumb/v7e-m+fp/softfp/crti.o
                0x0000000010054028                _fini
 .fini          0x000000001005402c        0x8 /data/tinyai/maxCNN/sdk/Tools/SDK_install_root/Tools/GNUTools/10.3/bin/../lib/gcc/arm-none-eabi/10.3.1/thumb/v7e-m+fp/softfp/crtn.o
 *crtbegin.o(.ctors)